
================================================================================

Memory Map of the image

  Image Entry point : 0x00000000

  Load Region ROM_LOAD (Base: 0x00000000, Size: 0x00048ac8, Max: 0x00800000, ABSOLUTE)

    Execution Region ROM1 (Base: 0x00000000, Size: 0x0004641c, Max: 0x00800000, ABSOLUTE)

    Base Addr    Size         Type   Attr  Idx  E Section Name        Object

    0x00000000   0x000002c8   Code   RO  1223   * StartUp             startup.o
    0x000002c8   0x00000130   Code   RO     1     .text               arm.o
    0x000003f8   0x00000760   Code   RO   109     .text               drv_l1_adc.o
    0x00000b58   0x0000055c   Code   RO   215     .text               drv_l1_cache.o
    0x000010b4   0x000015e8   Code   RO   271     .text               drv_l1_dma.o
    0x0000269c   0x000001f4   Code   RO   324     .text               drv_l1_ext_int.o
    0x00002890   0x00000394   Code   RO   353     .text               drv_l1_gpio.o
    0x00002c24   0x00000144   Code   RO   396     .text               drv_l1_init.o
    0x00002d68   0x00000368   Code   RO   441     .text               drv_l1_interrupt.o
    0x000030d0   0x00000288   Code   RO   494     .text               drv_l1_mic.o
    0x00003358   0x0000103c   Code   RO   542     .text               drv_l1_rtc.o
    0x00004394   0x00000634   Code   RO   619     .text               drv_l1_spi.o
    0x000049c8   0x0000023c   Code   RO   676     .text               drv_l1_sw_timer.o
    0x00004c04   0x00000024   Code   RO   709     .text               drv_l1_sw_timer_isr.o
    0x00004c28   0x00000158   Code   RO   723     .text               drv_l1_system.o
    0x00004d80   0x00000fec   Code   RO   945     .text               drv_l1_timer.o
    0x00005d6c   0x000006d8   Code   RO  1035     .text               drv_l1_uart.o
    0x00006444   0x00000068   Code   RO  1130     .text               drv_l1_watchdog.o
    0x000064ac   0x000002c0   Code   RO  1167     .text               gp_stdlib.o
    0x0000676c   0x00000150   Code   RO  1203     .text               main.o
    0x000068bc   0x000005d4   Code   RO  1230     .text               system_timer.o
    0x00006e90   0x00000004   Code   RO  1263     .text               driver_l2_init.o
    0x00006e94   0x000002ec   Code   RO  1330     .text               gplib_mm_gplus.o
    0x00007180   0x00000598   Code   RO  1375     .text               gplib_calendar.o
    0x00007718   0x00000010   Code   RO  1416     .text               gplib_init.o
    0x00007728   0x000000a4   Code   RO  1428     .text               gplib_print_string.o
    0x000077cc   0x00000ae8   Code   RO  1456     .text               nvram.o
    0x000082b4   0x000000f8   Code   RO  1521     .text               task_state_handling.o
    0x000083ac   0x000003d4   Code   RO  1550     .text               task_peripheral_handling.o
    0x00008780   0x00000370   Code   RO  1588     .text               msg_manager.o
    0x00008af0   0x0000046c   Code   RO  1630     .text               video_codec_callback.o
    0x00008f5c   0x00000400   Code   RO  1680     .text               video_encoder.o
    0x0000935c   0x00000520   Code   RO  1743     .text               state_usb.o
    0x0000987c   0x000000bc   Code   RO  1809     .text               state_startup.o
    0x00009938   0x00000018   Code   RO  1836     .text               ap_startup.o
    0x00009950   0x0000086c   Code   RO  1854     .text               ap_video_preview.o
    0x0000a1bc   0x0000070c   Code   RO  1900     .text               state_video_preview.o
    0x0000a8c8   0x0000108c   Code   RO  1927     .text               ap_peripheral_handling.o
    0x0000b954   0x00001ff8   Code   RO  2030     .text               ap_storage_service.o
    0x0000d94c   0x00000220   Code   RO  2098     .text               task_storage_service.o
    0x0000db6c   0x00000688   Code   RO  2121     .text               ap_state_handling.o
    0x0000e1f4   0x0000094c   Code   RO  2203     .text               ap_video_record.o
    0x0000eb40   0x00000a00   Code   RO  2261     .text               state_video_record.o
    0x0000f540   0x000004f0   Code   RO  2383     .text               drv_l1_sensor.o
    0x0000fa30   0x00000420   Code   RO  2450     .text               ap_display.o
    0x0000fe50   0x000009f8   Code   RO  2619     .text               ap_state_config.o
    0x00010848   0x00000be8   Code   RO  2882     .text               ap_state_resource.o
    0x00011430   0x00000030   Code   RO  3010     .text               drv_l1_dac.o
    0x00011460   0x0000078c   Code   RO  3147     .text               ap_usb.o
    0x00011bec   0x00001ea4   Code   RO  3357     .text               my_video_codec_callback.o
    0x00013a90   0x00000308   Code   RO  3552     .text               drv_l2_sensor.o
    0x00013d98   0x00002a14   Code   RO  3578     .text               drv_l1_cdsp.o
    0x000167ac   0x0000058c   Code   RO  4168     .text               drv_l1_front.o
[...]
    0x000035b8   0x00000024   Dbug   RW   368     .debug_pubnames     drv_l1_gpio.o
    0x000035dc   0x00000024   Dbug   RW   371     .debug_pubnames     drv_l1_gpio.o
    0x00003600   0x00000030   Dbug   RW   374     .debug_pubnames     drv_l1_gpio.o
    0x00003630   0x00000024   Dbug   RW   377     .debug_pubnames     drv_l1_gpio.o
    0x00003654   0x00000028   Dbug   RW   380     .debug_pubnames     drv_l1_gpio.o
    0x0000367c   0x00000104   Dbug   RW   386     .debug_pubnames     drv_l1_gpio.o
    0x00003780   0x00000024   Dbug   RW   402     .debug_pubnames     drv_l1_init.o
    0x000037a4   0x0000015c   Dbug   RW   410     .debug_pubnames     drv_l1_init.o
    0x00003900   0x00000284   Dbug   RW   417     .debug_pubnames     drv_l1_init.o
    0x00003b84   0x000007e0   Dbug   RW   421     .debug_pubnames     drv_l1_init.o
    0x00004364   0x00000344   Dbug   RW   431     .debug_pubnames     drv_l1_init.o
    0x000046a8   0x000001a0   Dbug   RW   435     .debug_pubnames     drv_l1_init.o
    0x00004848   0x000000dc   Dbug   RW   439     .debug_pubnames     drv_l1_init.o
    0x00004924   0x0000002c   Dbug   RW   445     .debug_pubnames     drv_l1_interrupt.o
    0x00004950   0x00000030   Dbug   RW   448     .debug_pubnames     drv_l1_interrupt.o
    0x00004980   0x00000028   Dbug   RW   451     .debug_pubnames     drv_l1_interrupt.o
    0x000049a8   0x0000002c   Dbug   RW   454     .debug_pubnames     drv_l1_interrupt.o
    0x000049d4   0x00000028   Dbug   RW   457     .debug_pubnames     drv_l1_interrupt.o
    0x000049fc   0x00000028   Dbug   RW   460     .debug_pubnames     drv_l1_interrupt.o
    0x00004a24   0x00000028   Dbug   RW   463     .debug_pubnames     drv_l1_interrupt.o
    0x00004a4c   0x0000002c   Dbug   RW   466     .debug_pubnames     drv_l1_interrupt.o
    0x00004a78   0x00000028   Dbug   RW   469     .debug_pubnames     drv_l1_interrupt.o
    0x00004aa0   0x00000028   Dbug   RW   472     .debug_pubnames     drv_l1_interrupt.o
    0x00004ac8   0x00000028   Dbug   RW   475     .debug_pubnames     drv_l1_interrupt.o
    0x00004af0   0x00000028   Dbug   RW   478     .debug_pubnames     drv_l1_interrupt.o
    0x00004b18   0x00000020   Dbug   RW   481     .debug_pubnames     drv_l1_interrupt.o
    0x00004b38   0x0000002c   Dbug   RW   484     .debug_pubnames     drv_l1_interrupt.o
    0x00004b64   0x00000120   Dbug   RW   488     .debug_pubnames     drv_l1_interrupt.o
    0x00004c84   0x00000020   Dbug   RW   498     .debug_pubnames     drv_l1_mic.o
    0x00004ca4   0x00000028   Dbug   RW   501     .debug_pubnames     drv_l1_mic.o
    0x00004ccc   0x0000002c   Dbug   RW   504     .debug_pubnames     drv_l1_mic.o
    0x00004cf8   0x00000028   Dbug   RW   507     .debug_pubnames     drv_l1_mic.o
    0x00004d20   0x0000002c   Dbug   RW   510     .debug_pubnames     drv_l1_mic.o
    0x00004d4c   0x0000002c   Dbug   RW   513     .debug_pubnames     drv_l1_mic.o
    0x00004d78   0x0000002c   Dbug   RW   516     .debug_pubnames     drv_l1_mic.o
    0x00004da4   0x00000028   Dbug   RW   519     .debug_pubnames     drv_l1_mic.o
    0x00004dcc   0x0000002c   Dbug   RW   522     .debug_pubnames     drv_l1_mic.o
    0x00004df8   0x0000002c   Dbug   RW   525     .debug_pubnames     drv_l1_mic.o
    0x00004e24   0x0000002c   Dbug   RW   528     .debug_pubnames     drv_l1_mic.o
    0x00004e50   0x00000028   Dbug   RW   531     .debug_pubnames     drv_l1_mic.o
    0x00004e78   0x0000011c   Dbug   RW   537     .debug_pubnames     drv_l1_mic.o
    0x00004f94   0x0000002c   Dbug   RW   541     .debug_pubnames     drv_l1_mic.o
    0x00004fc0   0x00000024   Dbug   RW   546     .debug_pubnames     drv_l1_rtc.o
    0x00004fe4   0x00000024   Dbug   RW   549     .debug_pubnames     drv_l1_rtc.o
    0x00005008   0x0000002c   Dbug   RW   552     .debug_pubnames     drv_l1_rtc.o
    0x00005034   0x0000002c   Dbug   RW   555     .debug_pubnames     drv_l1_rtc.o
    0x00005060   0x00000020   Dbug   RW   558     .debug_pubnames     drv_l1_rtc.o
    0x00005080   0x00000024   Dbug   RW   561     .debug_pubnames     drv_l1_rtc.o
    0x000050a4   0x00000024   Dbug   RW   564     .debug_pubnames     drv_l1_rtc.o
    0x000050c8   0x00000024   Dbug   RW   567     .debug_pubnames     drv_l1_rtc.o
    0x000050ec   0x00000024   Dbug   RW   570     .debug_pubnames     drv_l1_rtc.o
    0x00005110   0x00000024   Dbug   RW   573     .debug_pubnames     drv_l1_rtc.o
    0x00005134   0x00000024   Dbug   RW   576     .debug_pubnames     drv_l1_rtc.o
    0x00005158   0x0000002c   Dbug   RW   579     .debug_pubnames     drv_l1_rtc.o
    0x00005184   0x0000002c   Dbug   RW   582     .debug_pubnames     drv_l1_rtc.o
    0x000051b0   0x00000028   Dbug   RW   585     .debug_pubnames     drv_l1_rtc.o
    0x000051d8   0x0000002c   Dbug   RW   588     .debug_pubnames     drv_l1_rtc.o
    0x00005204   0x0000002c   Dbug   RW   591     .debug_pubnames     drv_l1_rtc.o
    0x00005230   0x0000002c   Dbug   RW   594     .debug_pubnames     drv_l1_rtc.o
    0x0000525c   0x0000002c   Dbug   RW   597     .debug_pubnames     drv_l1_rtc.o
    0x00005288   0x0000002c   Dbug   RW   600     .debug_pubnames     drv_l1_rtc.o
    0x000052b4   0x00000030   Dbug   RW   603     .debug_pubnames     drv_l1_rtc.o
    0x000052e4   0x00000030   Dbug   RW   606     .debug_pubnames     drv_l1_rtc.o
    0x00005314   0x00000034   Dbug   RW   609     .debug_pubnames     drv_l1_rtc.o
    0x00005348   0x00000278   Dbug   RW   613     .debug_pubnames     drv_l1_rtc.o
    0x000055c0   0x00000024   Dbug   RW   623     .debug_pubnames     drv_l1_spi.o
    0x000055e4   0x00000024   Dbug   RW   626     .debug_pubnames     drv_l1_spi.o
    0x00005608   0x00000028   Dbug   RW   629     .debug_pubnames     drv_l1_spi.o
    0x00005630   0x0000002c   Dbug   RW   632     .debug_pubnames     drv_l1_spi.o
    0x0000565c   0x00000024   Dbug   RW   635     .debug_pubnames     drv_l1_spi.o
    0x00005680   0x00000020   Dbug   RW   638     .debug_pubnames     drv_l1_spi.o
    0x000056a0   0x00000024   Dbug   RW   641     .debug_pubnames     drv_l1_spi.o
    0x000056c4   0x00000028   Dbug   RW   644     .debug_pubnames     drv_l1_spi.o
    0x000056ec   0x00000028   Dbug   RW   647     .debug_pubnames     drv_l1_spi.o
    0x00005714   0x00000028   Dbug   RW   650     .debug_pubnames     drv_l1_spi.o
    0x0000573c   0x00000030   Dbug   RW   653     .debug_pubnames     drv_l1_spi.o
    0x0000576c   0x00000030   Dbug   RW   656     .debug_pubnames     drv_l1_spi.o
    0x0000579c   0x00000024   Dbug   RW   659     .debug_pubnames     drv_l1_spi.o
    0x000057c0   0x0000002c   Dbug   RW   662     .debug_pubnames     drv_l1_spi.o
    0x000057ec   0x00000040   Dbug   RW   665     .debug_pubnames     drv_l1_spi.o
    0x0000582c   0x00000144   Dbug   RW   669     .debug_pubnames     drv_l1_spi.o
    0x00005970   0x00000094   Dbug   RW   674     .debug_pubnames     drv_l1_spi.o
    0x00005a04   0x00000024   Dbug   RW   680     .debug_pubnames     drv_l1_sw_timer.o
    0x00005a28   0x0000002c   Dbug   RW   683     .debug_pubnames     drv_l1_sw_timer.o
    0x00005a54   0x00000030   Dbug   RW   686     .debug_pubnames     drv_l1_sw_timer.o
    0x00005a84   0x00000028   Dbug   RW   689     .debug_pubnames     drv_l1_sw_timer.o
    0x00005aac   0x00000028   Dbug   RW   692     .debug_pubnames     drv_l1_sw_timer.o
    0x00005ad4   0x00000028   Dbug   RW   695     .debug_pubnames     drv_l1_sw_timer.o
    0x00005afc   0x0000002c   Dbug   RW   698     .debug_pubnames     drv_l1_sw_timer.o
    0x00005b28   0x000000b0   Dbug   RW   702     .debug_pubnames     drv_l1_sw_timer.o
    0x00005bd8   0x00000024   Dbug   RW   713     .debug_pubnames     drv_l1_sw_timer_isr.o
    0x00005bfc   0x00000024   Dbug   RW   719     .debug_pubnames     drv_l1_sw_timer_isr.o
    0x00005c20   0x00000054   Dbug   RW   722     .debug_pubnames     drv_l1_sw_timer_isr.o
    0x00005c74   0x0000002c   Dbug   RW   749     .debug_pubnames     drv_l1_system.o
    0x00005ca0   0x00000028   Dbug   RW   752     .debug_pubnames     drv_l1_system.o
    0x00005cc8   0x00000028   Dbug   RW   755     .debug_pubnames     drv_l1_system.o
    0x00005cf0   0x00000030   Dbug   RW   758     .debug_pubnames     drv_l1_system.o
    0x00005d20   0x00000030   Dbug   RW   761     .debug_pubnames     drv_l1_system.o
    0x00005d50   0x00000030   Dbug   RW   764     .debug_pubnames     drv_l1_system.o
    0x00005d80   0x00000024   Dbug   RW   767     .debug_pubnames     drv_l1_system.o
    0x00005da4   0x00000030   Dbug   RW   770     .debug_pubnames     drv_l1_system.o
    0x00005dd4   0x0000002c   Dbug   RW   773     .debug_pubnames     drv_l1_system.o
    0x00005e00   0x00000028   Dbug   RW   776     .debug_pubnames     drv_l1_system.o
    0x00005e28   0x00000024   Dbug   RW   779     .debug_pubnames     drv_l1_system.o
    0x00005e4c   0x00000030   Dbug   RW   791     .debug_pubnames     drv_l1_system.o
    0x00005e7c   0x00000028   Dbug   RW   797     .debug_pubnames     drv_l1_system.o
    0x00005ea4   0x00000028   Dbug   RW   803     .debug_pubnames     drv_l1_system.o
    0x00005ecc   0x00000028   Dbug   RW   806     .debug_pubnames     drv_l1_system.o
    0x00005ef4   0x0000002c   Dbug   RW   809     .debug_pubnames     drv_l1_system.o
    0x00005f20   0x0000002c   Dbug   RW   812     .debug_pubnames     drv_l1_system.o
    0x00005f4c   0x0000008c   Dbug   RW   815     .debug_pubnames     drv_l1_system.o
    0x00005fd8   0x0000002c   Dbug   RW   820     .debug_pubnames     drv_l1_system.o
    0x00006004   0x00000028   Dbug   RW   825     .debug_pubnames     drv_l1_system.o
    0x0000602c   0x00000024   Dbug   RW   830     .debug_pubnames     drv_l1_system.o
    0x00006050   0x00000030   Dbug   RW   835     .debug_pubnames     drv_l1_system.o
    0x00006080   0x0000002c   Dbug   RW   839     .debug_pubnames     drv_l1_system.o
    0x000060ac   0x00000028   Dbug   RW   844     .debug_pubnames     drv_l1_system.o
    0x000060d4   0x00000024   Dbug   RW   849     .debug_pubnames     drv_l1_system.o
    0x000060f8   0x00000030   Dbug   RW   868     .debug_pubnames     drv_l1_system.o
    0x00006128   0x00000028   Dbug   RW   878     .debug_pubnames     drv_l1_system.o
    0x00006150   0x00000028   Dbug   RW   888     .debug_pubnames     drv_l1_system.o
    0x00006178   0x00000028   Dbug   RW   893     .debug_pubnames     drv_l1_system.o
    0x000061a0   0x0000002c   Dbug   RW   898     .debug_pubnames     drv_l1_system.o
    0x000061cc   0x00000098   Dbug   RW   903     .debug_pubnames     drv_l1_system.o
    0x00006264   0x0000002c   Dbug   RW   907     .debug_pubnames     drv_l1_system.o
    0x00006290   0x00001314   Dbug   RW   911     .debug_pubnames     drv_l1_system.o
    0x000075a4   0x00004560   Dbug   RW   923     .debug_pubnames     drv_l1_system.o
    0x0000bb04   0x000014d4   Dbug   RW   927     .debug_pubnames     drv_l1_system.o
    0x0000cfd8   0x0000002c   Dbug   RW   935     .debug_pubnames     drv_l1_system.o
    0x0000d004   0x000000bc   Dbug   RW   939     .debug_pubnames     drv_l1_system.o
    0x0000d0c0   0x0000011c   Dbug   RW   943     .debug_pubnames     drv_l1_system.o
    0x0000d1dc   0x00000024   Dbug   RW   949     .debug_pubnames     drv_l1_timer.o
    0x0000d200   0x00000024   Dbug   RW   952     .debug_pubnames     drv_l1_timer.o
    0x0000d224   0x00000028   Dbug   RW   955     .debug_pubnames     drv_l1_timer.o
    0x0000d24c   0x00000028   Dbug   RW   958     .debug_pubnames     drv_l1_timer.o
    0x0000d274   0x00000028   Dbug   RW   961     .debug_pubnames     drv_l1_timer.o
    0x0000d29c   0x00000028   Dbug   RW   964     .debug_pubnames     drv_l1_timer.o
    0x0000d2c4   0x00000028   Dbug   RW   967     .debug_pubnames     drv_l1_timer.o
    0x0000d2ec   0x00000028   Dbug   RW   970     .debug_pubnames     drv_l1_timer.o
    0x0000d314   0x0000002c   Dbug   RW   973     .debug_pubnames     drv_l1_timer.o
    0x0000d340   0x0000002c   Dbug   RW   976     .debug_pubnames     drv_l1_timer.o
    0x0000d36c   0x0000002c   Dbug   RW   979     .debug_pubnames     drv_l1_timer.o
    0x0000d398   0x00000030   Dbug   RW   982     .debug_pubnames     drv_l1_timer.o
    0x0000d3c8   0x00000028   Dbug   RW   985     .debug_pubnames     drv_l1_timer.o
    0x0000d3f0   0x00000028   Dbug   RW   988     .debug_pubnames     drv_l1_timer.o
    0x0000d418   0x00000024   Dbug   RW   991     .debug_pubnames     drv_l1_timer.o
    0x0000d43c   0x00000028   Dbug   RW   994     .debug_pubnames     drv_l1_timer.o
    0x0000d464   0x00000024   Dbug   RW   997     .debug_pubnames     drv_l1_timer.o
    0x0000d488   0x0000002c   Dbug   RW  1000     .debug_pubnames     drv_l1_timer.o
    0x0000d4b4   0x00000028   Dbug   RW  1003     .debug_pubnames     drv_l1_timer.o
    0x0000d4dc   0x0000002c   Dbug   RW  1006     .debug_pubnames     drv_l1_timer.o
    0x0000d508   0x00000030   Dbug   RW  1009     .debug_pubnames     drv_l1_timer.o
    0x0000d538   0x00000028   Dbug   RW  1012     .debug_pubnames     drv_l1_timer.o
    0x0000d560   0x00000028   Dbug   RW  1015     .debug_pubnames     drv_l1_timer.o
    0x0000d588   0x00000028   Dbug   RW  1018     .debug_pubnames     drv_l1_timer.o
    0x0000d5b0   0x00000024   Dbug   RW  1021     .debug_pubnames     drv_l1_timer.o
    0x0000d5d4   0x00000130   Dbug   RW  1024     .debug_pubnames     drv_l1_timer.o
    0x0000d704   0x00000320   Dbug   RW  1028     .debug_pubnames     drv_l1_timer.o
    0x0000da24   0x00000024   Dbug   RW  1039     .debug_pubnames     drv_l1_uart.o
    0x0000da48   0x00000028   Dbug   RW  1042     .debug_pubnames     drv_l1_uart.o
    0x0000da70   0x00000028   Dbug   RW  1045     .debug_pubnames     drv_l1_uart.o
    0x0000da98   0x00000024   Dbug   RW  1048     .debug_pubnames     drv_l1_uart.o
    0x0000dabc   0x00000024   Dbug   RW  1051     .debug_pubnames     drv_l1_uart.o
    0x0000dae0   0x00000028   Dbug   RW  1054     .debug_pubnames     drv_l1_uart.o
    0x0000db08   0x0000002c   Dbug   RW  1057     .debug_pubnames     drv_l1_uart.o
    0x0000db34   0x0000002c   Dbug   RW  1060     .debug_pubnames     drv_l1_uart.o
    0x0000db60   0x0000002c   Dbug   RW  1063     .debug_pubnames     drv_l1_uart.o
    0x0000db8c   0x00000028   Dbug   RW  1066     .debug_pubnames     drv_l1_uart.o
    0x0000dbb4   0x00000028   Dbug   RW  1069     .debug_pubnames     drv_l1_uart.o
    0x0000dbdc   0x00000020   Dbug   RW  1072     .debug_pubnames     drv_l1_uart.o
    0x0000dbfc   0x00000028   Dbug   RW  1075     .debug_pubnames     drv_l1_uart.o
    0x0000dc24   0x00000028   Dbug   RW  1078     .debug_pubnames     drv_l1_uart.o
    0x0000dc4c   0x00000028   Dbug   RW  1081     .debug_pubnames     drv_l1_uart.o
    0x0000dc74   0x00000028   Dbug   RW  1084     .debug_pubnames     drv_l1_uart.o
    0x0000dc9c   0x00000024   Dbug   RW  1087     .debug_pubnames     drv_l1_uart.o
    0x0000dcc0   0x00000028   Dbug   RW  1090     .debug_pubnames     drv_l1_uart.o
    0x0000dce8   0x00000028   Dbug   RW  1093     .debug_pubnames     drv_l1_uart.o
    0x0000dd10   0x00000028   Dbug   RW  1096     .debug_pubnames     drv_l1_uart.o
    0x0000dd38   0x00000024   Dbug   RW  1099     .debug_pubnames     drv_l1_uart.o
    0x0000dd5c   0x00000028   Dbug   RW  1102     .debug_pubnames     drv_l1_uart.o
    0x0000dd84   0x00000030   Dbug   RW  1105     .debug_pubnames     drv_l1_uart.o
    0x0000ddb4   0x0000002c   Dbug   RW  1108     .debug_pubnames     drv_l1_uart.o
    0x0000dde0   0x00000030   Dbug   RW  1111     .debug_pubnames     drv_l1_uart.o
    0x0000de10   0x00000028   Dbug   RW  1114     .debug_pubnames     drv_l1_uart.o
    0x0000de38   0x00000030   Dbug   RW  1117     .debug_pubnames     drv_l1_uart.o
    0x0000de68   0x00000024   Dbug   RW  1120     .debug_pubnames     drv_l1_uart.o
    0x0000de8c   0x000000c4   Dbug   RW  1123     .debug_pubnames     drv_l1_uart.o
    0x0000df50   0x000002b8   Dbug   RW  1127     .debug_pubnames     drv_l1_uart.o
    0x0000e208   0x00000024   Dbug   RW  1133     .debug_pubnames     drv_l1_watchdog.o
    0x0000e22c   0x00000020   Dbug   RW  1136     .debug_pubnames     drv_l1_watchdog.o
    0x0000e24c   0x00000024   Dbug   RW  1139     .debug_pubnames     drv_l1_watchdog.o
    0x0000e270   0x00000028   Dbug   RW  1142     .debug_pubnames     drv_l1_watchdog.o
    0x0000e298   0x00000058   Dbug   RW  1149     .debug_pubnames     drv_l1_watchdog.o
    0x0000e2f0   0x00000020   Dbug   RW  1170     .debug_pubnames     gp_stdlib.o
    0x0000e310   0x00000020   Dbug   RW  1173     .debug_pubnames     gp_stdlib.o
    0x0000e330   0x00000020   Dbug   RW  1176     .debug_pubnames     gp_stdlib.o
    0x0000e350   0x00000024   Dbug   RW  1179     .debug_pubnames     gp_stdlib.o
    0x0000e374   0x00000024   Dbug   RW  1182     .debug_pubnames     gp_stdlib.o
    0x0000e398   0x00000020   Dbug   RW  1185     .debug_pubnames     gp_stdlib.o
    0x0000e3b8   0x00000020   Dbug   RW  1188     .debug_pubnames     gp_stdlib.o
    0x0000e3d8   0x00000020   Dbug   RW  1191     .debug_pubnames     gp_stdlib.o
    0x0000e3f8   0x00000020   Dbug   RW  1194     .debug_pubnames     gp_stdlib.o
    0x0000e418   0x000000a8   Dbug   RW  1200     .debug_pubnames     gp_stdlib.o
    0x0000e4c0   0x00000028   Dbug   RW  1207     .debug_pubnames     main.o
    0x0000e4e8   0x0000001c   Dbug   RW  1210     .debug_pubnames     main.o
    0x0000e504   0x00000094   Dbug   RW  1213     .debug_pubnames     main.o
    0x0000e598   0x00000030   Dbug   RW  1217     .debug_pubnames     main.o
    0x0000e5c8   0x00000028   Dbug   RW  1234     .debug_pubnames     system_timer.o
    0x0000e5f0   0x0000002c   Dbug   RW  1237     .debug_pubnames     system_timer.o
    0x0000e61c   0x00000028   Dbug   RW  1240     .debug_pubnames     system_timer.o
    0x0000e644   0x0000002c   Dbug   RW  1243     .debug_pubnames     system_timer.o
    0x0000e670   0x0000002c   Dbug   RW  1246     .debug_pubnames     system_timer.o
    0x0000e69c   0x0000002c   Dbug   RW  1249     .debug_pubnames     system_timer.o
    0x0000e6c8   0x00000154   Dbug   RW  1252     .debug_pubnames     system_timer.o
    0x0000e81c   0x000000e0   Dbug   RW  1256     .debug_pubnames     system_timer.o
    0x0000e8fc   0x00000024   Dbug   RW  1261     .debug_pubnames     system_timer.o
    0x0000e920   0x00000024   Dbug   RW  1266     .debug_pubnames     driver_l2_init.o
    0x0000e944   0x00000024   Dbug   RW  1272     .debug_pubnames     driver_l2_init.o
    0x0000e968   0x00000024   Dbug   RW  1344     .debug_pubnames     gplib_mm_gplus.o
    0x0000e98c   0x00000028   Dbug   RW  1347     .debug_pubnames     gplib_mm_gplus.o
    0x0000e9b4   0x00000024   Dbug   RW  1350     .debug_pubnames     gplib_mm_gplus.o
    0x0000e9d8   0x00000020   Dbug   RW  1353     .debug_pubnames     gplib_mm_gplus.o
    0x0000e9f8   0x00000028   Dbug   RW  1356     .debug_pubnames     gplib_mm_gplus.o
    0x0000ea20   0x00000020   Dbug   RW  1359     .debug_pubnames     gplib_mm_gplus.o
    0x0000ea40   0x00000020   Dbug   RW  1362     .debug_pubnames     gplib_mm_gplus.o
    0x0000ea60   0x000001d4   Dbug   RW  1365     .debug_pubnames     gplib_mm_gplus.o
    0x0000ec34   0x00000084   Dbug   RW  1369     .debug_pubnames     gplib_mm_gplus.o
    0x0000ecb8   0x0000002c   Dbug   RW  1381     .debug_pubnames     gplib_calendar.o
    0x0000ece4   0x00000024   Dbug   RW  1384     .debug_pubnames     gplib_calendar.o
    0x0000ed08   0x00000028   Dbug   RW  1387     .debug_pubnames     gplib_calendar.o
    0x0000ed30   0x00000024   Dbug   RW  1390     .debug_pubnames     gplib_calendar.o
    0x0000ed54   0x00000030   Dbug   RW  1393     .debug_pubnames     gplib_calendar.o
    0x0000ed84   0x00000028   Dbug   RW  1396     .debug_pubnames     gplib_calendar.o
    0x0000edac   0x00000028   Dbug   RW  1399     .debug_pubnames     gplib_calendar.o
    0x0000edd4   0x00000034   Dbug   RW  1402     .debug_pubnames     gplib_calendar.o
    0x0000ee08   0x00000098   Dbug   RW  1405     .debug_pubnames     gplib_calendar.o
    0x0000eea0   0x000000d4   Dbug   RW  1409     .debug_pubnames     gplib_calendar.o
    0x0000ef74   0x00000020   Dbug   RW  1414     .debug_pubnames     gplib_calendar.o
    0x0000ef94   0x00000024   Dbug   RW  1419     .debug_pubnames     gplib_init.o
    0x0000efb8   0x00000024   Dbug   RW  1425     .debug_pubnames     gplib_init.o
    0x0000efdc   0x00000024   Dbug   RW  1432     .debug_pubnames     gplib_print_string.o
    0x0000f000   0x00000024   Dbug   RW  1435     .debug_pubnames     gplib_print_string.o
    0x0000f024   0x00000020   Dbug   RW  1438     .debug_pubnames     gplib_print_string.o
    0x0000f044   0x00000034   Dbug   RW  1442     .debug_pubnames     gplib_print_string.o
    0x0000f078   0x00000020   Dbug   RW  1450     .debug_pubnames     gplib_print_string.o
    0x0000f098   0x00000084   Dbug   RW  1454     .debug_pubnames     gplib_print_string.o
    0x0000f11c   0x00000028   Dbug   RW  1460     .debug_pubnames     nvram.o
    0x0000f144   0x00000028   Dbug   RW  1463     .debug_pubnames     nvram.o
    0x0000f16c   0x00000028   Dbug   RW  1466     .debug_pubnames     nvram.o
    0x0000f194   0x00000024   Dbug   RW  1469     .debug_pubnames     nvram.o
    0x0000f1b8   0x0000002c   Dbug   RW  1472     .debug_pubnames     nvram.o
    0x0000f1e4   0x00000024   Dbug   RW  1475     .debug_pubnames     nvram.o
    0x0000f208   0x00000028   Dbug   RW  1478     .debug_pubnames     nvram.o
    0x0000f230   0x00000020   Dbug   RW  1481     .debug_pubnames     nvram.o
    0x0000f250   0x00000030   Dbug   RW  1484     .debug_pubnames     nvram.o
    0x0000f280   0x00000028   Dbug   RW  1487     .debug_pubnames     nvram.o
    0x0000f2a8   0x00000024   Dbug   RW  1490     .debug_pubnames     nvram.o
    0x0000f2cc   0x00000030   Dbug   RW  1493     .debug_pubnames     nvram.o
    0x0000f2fc   0x00000034   Dbug   RW  1496     .debug_pubnames     nvram.o
    0x0000f330   0x00000030   Dbug   RW  1499     .debug_pubnames     nvram.o
    0x0000f360   0x00000030   Dbug   RW  1502     .debug_pubnames     nvram.o
    0x0000f390   0x0000002c   Dbug   RW  1505     .debug_pubnames     nvram.o
    0x0000f3bc   0x00000030   Dbug   RW  1508     .debug_pubnames     nvram.o
    0x0000f3ec   0x000000c4   Dbug   RW  1511     .debug_pubnames     nvram.o
    0x0000f4b0   0x00000230   Dbug   RW  1515     .debug_pubnames     nvram.o
    0x0000f6e0   0x0000002c   Dbug   RW  1527     .debug_pubnames     task_state_handling.o
    0x0000f70c   0x0000004c   Dbug   RW  1530     .debug_pubnames     task_state_handling.o
    0x0000f758   0x00000044   Dbug   RW  1534     .debug_pubnames     task_state_handling.o
    0x0000f79c   0x000014d4   Dbug   RW  1538     .debug_pubnames     task_state_handling.o
    0x00010c70   0x00000218   Dbug   RW  1541     .debug_pubnames     task_state_handling.o
    0x00010e88   0x0000006c   Dbug   RW  1548     .debug_pubnames     task_state_handling.o
    0x00010ef4   0x00000034   Dbug   RW  1557     .debug_pubnames     task_peripheral_handling.o
    0x00010f28   0x000001d8   Dbug   RW  1560     .debug_pubnames     task_peripheral_handling.o
    0x00011100   0x00000058   Dbug   RW  1564     .debug_pubnames     task_peripheral_handling.o
    0x00011158   0x000014d4   Dbug   RW  1568     .debug_pubnames     task_peripheral_handling.o
    0x0001262c   0x00000038   Dbug   RW  1570     .debug_pubnames     task_peripheral_handling.o
    0x00012664   0x00000218   Dbug   RW  1572     .debug_pubnames     task_peripheral_handling.o
    0x0001287c   0x00000024   Dbug   RW  1591     .debug_pubnames     msg_manager.o
    0x000128a0   0x00000024   Dbug   RW  1594     .debug_pubnames     msg_manager.o
    0x000128c4   0x00000024   Dbug   RW  1597     .debug_pubnames     msg_manager.o
    0x000128e8   0x00000020   Dbug   RW  1600     .debug_pubnames     msg_manager.o
    0x00012908   0x00000024   Dbug   RW  1603     .debug_pubnames     msg_manager.o
    0x0001292c   0x00000020   Dbug   RW  1606     .debug_pubnames     msg_manager.o
    0x0001294c   0x00000024   Dbug   RW  1609     .debug_pubnames     msg_manager.o
    0x00012970   0x00000024   Dbug   RW  1612     .debug_pubnames     msg_manager.o
    0x00012994   0x00000020   Dbug   RW  1615     .debug_pubnames     msg_manager.o
    0x000129b4   0x00000024   Dbug   RW  1618     .debug_pubnames     msg_manager.o
    0x000129d8   0x000000a8   Dbug   RW  1624     .debug_pubnames     msg_manager.o
    0x00012a80   0x00000028   Dbug   RW  1634     .debug_pubnames     video_codec_callback.o
    0x00012aa8   0x00000030   Dbug   RW  1637     .debug_pubnames     video_codec_callback.o
    0x00012ad8   0x00000030   Dbug   RW  1640     .debug_pubnames     video_codec_callback.o
    0x00012b08   0x00000030   Dbug   RW  1643     .debug_pubnames     video_codec_callback.o
    0x00012b38   0x00000038   Dbug   RW  1646     .debug_pubnames     video_codec_callback.o
    0x00012b70   0x00000030   Dbug   RW  1649     .debug_pubnames     video_codec_callback.o
    0x00012ba0   0x00000028   Dbug   RW  1652     .debug_pubnames     video_codec_callback.o
    0x00012bc8   0x00000030   Dbug   RW  1655     .debug_pubnames     video_codec_callback.o
    0x00012bf8   0x00000030   Dbug   RW  1658     .debug_pubnames     video_codec_callback.o
    0x00012c28   0x00000034   Dbug   RW  1661     .debug_pubnames     video_codec_callback.o
    0x00012c5c   0x00000038   Dbug   RW  1664     .debug_pubnames     video_codec_callback.o
    0x00012c94   0x00000038   Dbug   RW  1667     .debug_pubnames     video_codec_callback.o
    0x00012ccc   0x000000a8   Dbug   RW  1670     .debug_pubnames     video_codec_callback.o
    0x00012d74   0x000001b8   Dbug   RW  1674     .debug_pubnames     video_codec_callback.o
    0x00012f2c   0x0000002c   Dbug   RW  1683     .debug_pubnames     video_encoder.o
    0x00012f58   0x00000030   Dbug   RW  1686     .debug_pubnames     video_encoder.o
    0x00012f88   0x00000028   Dbug   RW  1689     .debug_pubnames     video_encoder.o
    0x00012fb0   0x0000002c   Dbug   RW  1692     .debug_pubnames     video_encoder.o
    0x00012fdc   0x00000028   Dbug   RW  1695     .debug_pubnames     video_encoder.o
    0x00013004   0x00000038   Dbug   RW  1698     .debug_pubnames     video_encoder.o
    0x0001303c   0x0000003c   Dbug   RW  1701     .debug_pubnames     video_encoder.o
    0x00013078   0x0000003c   Dbug   RW  1704     .debug_pubnames     video_encoder.o
    0x000130b4   0x00000040   Dbug   RW  1707     .debug_pubnames     video_encoder.o
    0x000130f4   0x00000034   Dbug   RW  1710     .debug_pubnames     video_encoder.o
    0x00013128   0x00000040   Dbug   RW  1713     .debug_pubnames     video_encoder.o
    0x00013168   0x00000030   Dbug   RW  1716     .debug_pubnames     video_encoder.o
    0x00013198   0x00000030   Dbug   RW  1719     .debug_pubnames     video_encoder.o
    0x000131c8   0x000001f4   Dbug   RW  1725     .debug_pubnames     video_encoder.o
    0x000133bc   0x00000028   Dbug   RW  1747     .debug_pubnames     state_usb.o
    0x000133e4   0x00000020   Dbug   RW  1750     .debug_pubnames     state_usb.o
    0x00013404   0x0000002c   Dbug   RW  1753     .debug_pubnames     state_usb.o
    0x00013430   0x00000028   Dbug   RW  1756     .debug_pubnames     state_usb.o
    0x00013458   0x00000028   Dbug   RW  1759     .debug_pubnames     state_usb.o
    0x00013480   0x00000024   Dbug   RW  1762     .debug_pubnames     state_usb.o
    0x000134a4   0x00000024   Dbug   RW  1765     .debug_pubnames     state_usb.o
    0x000134c8   0x00000024   Dbug   RW  1768     .debug_pubnames     state_usb.o
    0x000134ec   0x0000002c   Dbug   RW  1771     .debug_pubnames     state_usb.o
    0x00013518   0x0000002c   Dbug   RW  1774     .debug_pubnames     state_usb.o
    0x00013544   0x000000f4   Dbug   RW  1777     .debug_pubnames     state_usb.o
    0x00013638   0x00000100   Dbug   RW  1781     .debug_pubnames     state_usb.o
    0x00013738   0x000014d4   Dbug   RW  1785     .debug_pubnames     state_usb.o
    0x00014c0c   0x000000dc   Dbug   RW  1791     .debug_pubnames     state_usb.o
    0x00014ce8   0x00000228   Dbug   RW  1799     .debug_pubnames     state_usb.o
    0x00014f10   0x000001fc   Dbug   RW  1802     .debug_pubnames     state_usb.o
    0x0001510c   0x00000218   Dbug   RW  1804     .debug_pubnames     state_usb.o
    0x00015324   0x0000002c   Dbug   RW  1812     .debug_pubnames     state_startup.o
    0x00015350   0x0000002c   Dbug   RW  1815     .debug_pubnames     state_startup.o
    0x0001537c   0x0000002c   Dbug   RW  1818     .debug_pubnames     state_startup.o
    0x000153a8   0x00000058   Dbug   RW  1824     .debug_pubnames     state_startup.o
    0x00015400   0x00000028   Dbug   RW  1839     .debug_pubnames     ap_startup.o
    0x00015428   0x00000028   Dbug   RW  1845     .debug_pubnames     ap_startup.o
    0x00015450   0x0000002c   Dbug   RW  1860     .debug_pubnames     ap_video_preview.o
    0x0001547c   0x00000034   Dbug   RW  1863     .debug_pubnames     ap_video_preview.o
    0x000154b0   0x00000038   Dbug   RW  1866     .debug_pubnames     ap_video_preview.o
    0x000154e8   0x0000002c   Dbug   RW  1869     .debug_pubnames     ap_video_preview.o
    0x00015514   0x00000038   Dbug   RW  1872     .debug_pubnames     ap_video_preview.o
    0x0001554c   0x00000034   Dbug   RW  1875     .debug_pubnames     ap_video_preview.o
    0x00015580   0x00000044   Dbug   RW  1878     .debug_pubnames     ap_video_preview.o
    0x000155c4   0x00000034   Dbug   RW  1881     .debug_pubnames     ap_video_preview.o
    0x000155f8   0x00000098   Dbug   RW  1884     .debug_pubnames     ap_video_preview.o
    0x00015690   0x000001c0   Dbug   RW  1888     .debug_pubnames     ap_video_preview.o
    0x00015850   0x000014d4   Dbug   RW  1892     .debug_pubnames     ap_video_preview.o
    0x00016d24   0x00000028   Dbug   RW  1895     .debug_pubnames     ap_video_preview.o
    0x00016d4c   0x00000030   Dbug   RW  1904     .debug_pubnames     state_video_preview.o
    0x00016d7c   0x00000030   Dbug   RW  1907     .debug_pubnames     state_video_preview.o
    0x00016dac   0x00000074   Dbug   RW  1910     .debug_pubnames     state_video_preview.o
    0x00016e20   0x0000008c   Dbug   RW  1914     .debug_pubnames     state_video_preview.o
    0x00016eac   0x00000028   Dbug   RW  1918     .debug_pubnames     state_video_preview.o
    0x00016ed4   0x00000024   Dbug   RW  1938     .debug_pubnames     ap_peripheral_handling.o
    0x00016ef8   0x00000034   Dbug   RW  1941     .debug_pubnames     ap_peripheral_handling.o
    0x00016f2c   0x00000034   Dbug   RW  1944     .debug_pubnames     ap_peripheral_handling.o
    0x00016f60   0x00000034   Dbug   RW  1947     .debug_pubnames     ap_peripheral_handling.o
    0x00016f94   0x00000030   Dbug   RW  1950     .debug_pubnames     ap_peripheral_handling.o
    0x00016fc4   0x00000024   Dbug   RW  1953     .debug_pubnames     ap_peripheral_handling.o
    0x00016fe8   0x00000024   Dbug   RW  1956     .debug_pubnames     ap_peripheral_handling.o
    0x0001700c   0x00000024   Dbug   RW  1959     .debug_pubnames     ap_peripheral_handling.o
    0x00017030   0x00000024   Dbug   RW  1962     .debug_pubnames     ap_peripheral_handling.o
    0x00017054   0x0000002c   Dbug   RW  1965     .debug_pubnames     ap_peripheral_handling.o
    0x00017080   0x00000028   Dbug   RW  1968     .debug_pubnames     ap_peripheral_handling.o
    0x000170a8   0x00000024   Dbug   RW  1971     .debug_pubnames     ap_peripheral_handling.o
    0x000170cc   0x00000028   Dbug   RW  1974     .debug_pubnames     ap_peripheral_handling.o
    0x000170f4   0x00000038   Dbug   RW  1977     .debug_pubnames     ap_peripheral_handling.o
    0x0001712c   0x00000038   Dbug   RW  1980     .debug_pubnames     ap_peripheral_handling.o
    0x00017164   0x00000038   Dbug   RW  1983     .debug_pubnames     ap_peripheral_handling.o
    0x0001719c   0x00000040   Dbug   RW  1986     .debug_pubnames     ap_peripheral_handling.o
    0x000171dc   0x00000034   Dbug   RW  1989     .debug_pubnames     ap_peripheral_handling.o
    0x00017210   0x0000003c   Dbug   RW  1992     .debug_pubnames     ap_peripheral_handling.o
    0x0001724c   0x00000034   Dbug   RW  1995     .debug_pubnames     ap_peripheral_handling.o
    0x00017280   0x00000034   Dbug   RW  1998     .debug_pubnames     ap_peripheral_handling.o
    0x000172b4   0x00000030   Dbug   RW  2001     .debug_pubnames     ap_peripheral_handling.o
    0x000172e4   0x00000030   Dbug   RW  2004     .debug_pubnames     ap_peripheral_handling.o
    0x00017314   0x00000034   Dbug   RW  2007     .debug_pubnames     ap_peripheral_handling.o
    0x00017348   0x00000038   Dbug   RW  2010     .debug_pubnames     ap_peripheral_handling.o
    0x00017380   0x00000034   Dbug   RW  2013     .debug_pubnames     ap_peripheral_handling.o
    0x000173b4   0x00000038   Dbug   RW  2016     .debug_pubnames     ap_peripheral_handling.o
    0x000173ec   0x0000048c   Dbug   RW  2019     .debug_pubnames     ap_peripheral_handling.o
    0x00017878   0x00000434   Dbug   RW  2023     .debug_pubnames     ap_peripheral_handling.o
    0x00017cac   0x000014d4   Dbug   RW  2027     .debug_pubnames     ap_peripheral_handling.o
    0x00019180   0x00000038   Dbug   RW  2029     .debug_pubnames     ap_peripheral_handling.o
    0x000191b8   0x00000030   Dbug   RW  2037     .debug_pubnames     ap_storage_service.o
    0x000191e8   0x00000038   Dbug   RW  2040     .debug_pubnames     ap_storage_service.o
    0x00019220   0x0000002c   Dbug   RW  2043     .debug_pubnames     ap_storage_service.o
    0x0001924c   0x00000038   Dbug   RW  2046     .debug_pubnames     ap_storage_service.o
    0x00019284   0x00000040   Dbug   RW  2049     .debug_pubnames     ap_storage_service.o
    0x000192c4   0x00000034   Dbug   RW  2052     .debug_pubnames     ap_storage_service.o
    0x000192f8   0x00000038   Dbug   RW  2055     .debug_pubnames     ap_storage_service.o
    0x00019330   0x00000038   Dbug   RW  2058     .debug_pubnames     ap_storage_service.o
    0x00019368   0x0000003c   Dbug   RW  2061     .debug_pubnames     ap_storage_service.o
    0x000193a4   0x0000003c   Dbug   RW  2064     .debug_pubnames     ap_storage_service.o
    0x000193e0   0x00000034   Dbug   RW  2067     .debug_pubnames     ap_storage_service.o
    0x00019414   0x00000038   Dbug   RW  2070     .debug_pubnames     ap_storage_service.o
    0x0001944c   0x00000024   Dbug   RW  2073     .debug_pubnames     ap_storage_service.o
    0x00019470   0x00000024   Dbug   RW  2076     .debug_pubnames     ap_storage_service.o
    0x00019494   0x000002f8   Dbug   RW  2079     .debug_pubnames     ap_storage_service.o
    0x0001978c   0x0000040c   Dbug   RW  2083     .debug_pubnames     ap_storage_service.o
    0x00019b98   0x000014d4   Dbug   RW  2087     .debug_pubnames     ap_storage_service.o
    0x0001b06c   0x00000158   Dbug   RW  2096     .debug_pubnames     ap_storage_service.o
    0x0001b1c4   0x00000030   Dbug   RW  2104     .debug_pubnames     task_storage_service.o
    0x0001b1f4   0x000000b4   Dbug   RW  2107     .debug_pubnames     task_storage_service.o
    0x0001b2a8   0x00000050   Dbug   RW  2111     .debug_pubnames     task_storage_service.o
    0x0001b2f8   0x000014d4   Dbug   RW  2115     .debug_pubnames     task_storage_service.o
    0x0001c7cc   0x00000038   Dbug   RW  2128     .debug_pubnames     ap_state_handling.o
    0x0001c804   0x00000038   Dbug   RW  2131     .debug_pubnames     ap_state_handling.o
    0x0001c83c   0x0000003c   Dbug   RW  2134     .debug_pubnames     ap_state_handling.o
    0x0001c878   0x00000038   Dbug   RW  2137     .debug_pubnames     ap_state_handling.o
    0x0001c8b0   0x00000038   Dbug   RW  2140     .debug_pubnames     ap_state_handling.o
    0x0001c8e8   0x00000038   Dbug   RW  2143     .debug_pubnames     ap_state_handling.o
    0x0001c920   0x00000030   Dbug   RW  2146     .debug_pubnames     ap_state_handling.o
    0x0001c950   0x00000030   Dbug   RW  2149     .debug_pubnames     ap_state_handling.o
    0x0001c980   0x00000038   Dbug   RW  2152     .debug_pubnames     ap_state_handling.o
    0x0001c9b8   0x00000038   Dbug   RW  2155     .debug_pubnames     ap_state_handling.o
    0x0001c9f0   0x0000001c   Dbug   RW  2158     .debug_pubnames     ap_state_handling.o
    0x0001ca0c   0x0000003c   Dbug   RW  2161     .debug_pubnames     ap_state_handling.o
    0x0001ca48   0x00000038   Dbug   RW  2164     .debug_pubnames     ap_state_handling.o
    0x0001ca80   0x00000030   Dbug   RW  2167     .debug_pubnames     ap_state_handling.o
    0x0001cab0   0x00000034   Dbug   RW  2170     .debug_pubnames     ap_state_handling.o
    0x0001cae4   0x00000034   Dbug   RW  2173     .debug_pubnames     ap_state_handling.o
    0x0001cb18   0x00000034   Dbug   RW  2176     .debug_pubnames     ap_state_handling.o
    0x0001cb4c   0x00000038   Dbug   RW  2179     .debug_pubnames     ap_state_handling.o
    0x0001cb84   0x00000218   Dbug   RW  2182     .debug_pubnames     ap_state_handling.o
    0x0001cd9c   0x000002a8   Dbug   RW  2186     .debug_pubnames     ap_state_handling.o
    0x0001d044   0x00000218   Dbug   RW  2190     .debug_pubnames     ap_state_handling.o
    0x0001d25c   0x0000002c   Dbug   RW  2209     .debug_pubnames     ap_video_record.o
    0x0001d288   0x00000038   Dbug   RW  2212     .debug_pubnames     ap_video_record.o
    0x0001d2c0   0x00000038   Dbug   RW  2215     .debug_pubnames     ap_video_record.o
    0x0001d2f8   0x0000003c   Dbug   RW  2218     .debug_pubnames     ap_video_record.o
    0x0001d334   0x0000003c   Dbug   RW  2221     .debug_pubnames     ap_video_record.o
    0x0001d370   0x00000030   Dbug   RW  2224     .debug_pubnames     ap_video_record.o
    0x0001d3a0   0x0000002c   Dbug   RW  2227     .debug_pubnames     ap_video_record.o
    0x0001d3cc   0x00000030   Dbug   RW  2230     .debug_pubnames     ap_video_record.o
    0x0001d3fc   0x00000034   Dbug   RW  2233     .debug_pubnames     ap_video_record.o
    0x0001d430   0x0000002c   Dbug   RW  2236     .debug_pubnames     ap_video_record.o
    0x0001d45c   0x00000038   Dbug   RW  2239     .debug_pubnames     ap_video_record.o
    0x0001d494   0x00000030   Dbug   RW  2242     .debug_pubnames     ap_video_record.o
    0x0001d4c4   0x00000030   Dbug   RW  2245     .debug_pubnames     ap_video_record.o
    0x0001d4f4   0x00000038   Dbug   RW  2248     .debug_pubnames     ap_video_record.o
    0x0001d52c   0x00000034   Dbug   RW  2251     .debug_pubnames     ap_video_record.o
    0x0001d560   0x00000124   Dbug   RW  2254     .debug_pubnames     ap_video_record.o
    0x0001d684   0x0000027c   Dbug   RW  2258     .debug_pubnames     ap_video_record.o
    0x0001d900   0x00000030   Dbug   RW  2265     .debug_pubnames     state_video_record.o
    0x0001d930   0x00000030   Dbug   RW  2268     .debug_pubnames     state_video_record.o
    0x0001d960   0x00000090   Dbug   RW  2271     .debug_pubnames     state_video_record.o
    0x0001d9f0   0x00000068   Dbug   RW  2275     .debug_pubnames     state_video_record.o
    0x0001da58   0x00000024   Dbug   RW  2386     .debug_pubnames     drv_l1_sensor.o
    0x0001da7c   0x00000024   Dbug   RW  2389     .debug_pubnames     drv_l1_sensor.o
    0x0001daa0   0x00000020   Dbug   RW  2392     .debug_pubnames     drv_l1_sensor.o
    0x0001dac0   0x00000020   Dbug   RW  2395     .debug_pubnames     drv_l1_sensor.o
    0x0001dae0   0x00000024   Dbug   RW  2398     .debug_pubnames     drv_l1_sensor.o
    0x0001db04   0x00000020   Dbug   RW  2401     .debug_pubnames     drv_l1_sensor.o
    0x0001db24   0x00000020   Dbug   RW  2404     .debug_pubnames     drv_l1_sensor.o
    0x0001db44   0x00000030   Dbug   RW  2407     .debug_pubnames     drv_l1_sensor.o
    0x0001db74   0x00000030   Dbug   RW  2410     .debug_pubnames     drv_l1_sensor.o
    0x0001dba4   0x00000030   Dbug   RW  2413     .debug_pubnames     drv_l1_sensor.o
    0x0001dbd4   0x00000028   Dbug   RW  2416     .debug_pubnames     drv_l1_sensor.o
    0x0001dbfc   0x0000002c   Dbug   RW  2419     .debug_pubnames     drv_l1_sensor.o
    0x0001dc28   0x0000002c   Dbug   RW  2422     .debug_pubnames     drv_l1_sensor.o
    0x0001dc54   0x0000002c   Dbug   RW  2425     .debug_pubnames     drv_l1_sensor.o
    0x0001dc80   0x00000034   Dbug   RW  2428     .debug_pubnames     drv_l1_sensor.o
    0x0001dcb4   0x00000030   Dbug   RW  2431     .debug_pubnames     drv_l1_sensor.o
    0x0001dce4   0x00000034   Dbug   RW  2434     .debug_pubnames     drv_l1_sensor.o
    0x0001dd18   0x000001ac   Dbug   RW  2441     .debug_pubnames     drv_l1_sensor.o
    0x0001dec4   0x0000002c   Dbug   RW  2461     .debug_pubnames     ap_display.o
    0x0001def0   0x00000030   Dbug   RW  2464     .debug_pubnames     ap_display.o
    0x0001df20   0x0000002c   Dbug   RW  2467     .debug_pubnames     ap_display.o
    0x0001df4c   0x0000002c   Dbug   RW  2470     .debug_pubnames     ap_display.o
    0x0001df78   0x0000002c   Dbug   RW  2473     .debug_pubnames     ap_display.o
    0x0001dfa4   0x00000030   Dbug   RW  2476     .debug_pubnames     ap_display.o
    0x0001dfd4   0x0000002c   Dbug   RW  2479     .debug_pubnames     ap_display.o
    0x0001e000   0x00000030   Dbug   RW  2482     .debug_pubnames     ap_display.o
    0x0001e030   0x00000038   Dbug   RW  2485     .debug_pubnames     ap_display.o
    0x0001e068   0x0000002c   Dbug   RW  2488     .debug_pubnames     ap_display.o
    0x0001e094   0x00000028   Dbug   RW  2491     .debug_pubnames     ap_display.o
    0x0001e0bc   0x0000002c   Dbug   RW  2494     .debug_pubnames     ap_display.o
    0x0001e0e8   0x0000002c   Dbug   RW  2497     .debug_pubnames     ap_display.o
    0x0001e114   0x00000030   Dbug   RW  2500     .debug_pubnames     ap_display.o
    0x0001e144   0x00000034   Dbug   RW  2503     .debug_pubnames     ap_display.o
    0x0001e178   0x0000002c   Dbug   RW  2506     .debug_pubnames     ap_display.o
    0x0001e1a4   0x00000030   Dbug   RW  2509     .debug_pubnames     ap_display.o
    0x0001e1d4   0x00000034   Dbug   RW  2512     .debug_pubnames     ap_display.o
    0x0001e208   0x0000003c   Dbug   RW  2515     .debug_pubnames     ap_display.o
    0x0001e244   0x00000030   Dbug   RW  2518     .debug_pubnames     ap_display.o
    0x0001e274   0x00000034   Dbug   RW  2521     .debug_pubnames     ap_display.o
    0x0001e2a8   0x00000030   Dbug   RW  2524     .debug_pubnames     ap_display.o
    0x0001e2d8   0x00000038   Dbug   RW  2527     .debug_pubnames     ap_display.o
    0x0001e310   0x00000034   Dbug   RW  2530     .debug_pubnames     ap_display.o
    0x0001e344   0x00000038   Dbug   RW  2533     .debug_pubnames     ap_display.o
    0x0001e37c   0x00000034   Dbug   RW  2536     .debug_pubnames     ap_display.o
    0x0001e3b0   0x00000030   Dbug   RW  2539     .debug_pubnames     ap_display.o
    0x0001e3e0   0x00000034   Dbug   RW  2542     .debug_pubnames     ap_display.o
    0x0001e414   0x00000038   Dbug   RW  2545     .debug_pubnames     ap_display.o
    0x0001e44c   0x00000030   Dbug   RW  2548     .debug_pubnames     ap_display.o
    0x0001e47c   0x00000030   Dbug   RW  2551     .debug_pubnames     ap_display.o
    0x0001e4ac   0x00000030   Dbug   RW  2554     .debug_pubnames     ap_display.o
    0x0001e4dc   0x00000030   Dbug   RW  2557     .debug_pubnames     ap_display.o
    0x0001e50c   0x00000030   Dbug   RW  2560     .debug_pubnames     ap_display.o
    0x0001e53c   0x00000034   Dbug   RW  2563     .debug_pubnames     ap_display.o
    0x0001e570   0x00000028   Dbug   RW  2566     .debug_pubnames     ap_display.o
    0x0001e598   0x00000034   Dbug   RW  2569     .debug_pubnames     ap_display.o
    0x0001e5cc   0x0000003c   Dbug   RW  2572     .debug_pubnames     ap_display.o
    0x0001e608   0x00000030   Dbug   RW  2575     .debug_pubnames     ap_display.o
    0x0001e638   0x00000030   Dbug   RW  2578     .debug_pubnames     ap_display.o
    0x0001e668   0x00000034   Dbug   RW  2581     .debug_pubnames     ap_display.o
    0x0001e69c   0x0000003c   Dbug   RW  2584     .debug_pubnames     ap_display.o
    0x0001e6d8   0x0000003c   Dbug   RW  2587     .debug_pubnames     ap_display.o
    0x0001e714   0x00000040   Dbug   RW  2590     .debug_pubnames     ap_display.o
    0x0001e754   0x00000034   Dbug   RW  2593     .debug_pubnames     ap_display.o
    0x0001e788   0x00000200   Dbug   RW  2596     .debug_pubnames     ap_display.o
    0x0001e988   0x000005d8   Dbug   RW  2600     .debug_pubnames     ap_display.o
    0x0001ef60   0x00000f1c   Dbug   RW  2604     .debug_pubnames     ap_display.o
    0x0001fe7c   0x00000218   Dbug   RW  2611     .debug_pubnames     ap_display.o
    0x00020094   0x00000e98   Dbug   RW  2618     .debug_pubnames     task_display.o
    0x00020f2c   0x00000038   Dbug   RW  2623     .debug_pubnames     ap_state_config.o
    0x00020f64   0x00000038   Dbug   RW  2626     .debug_pubnames     ap_state_config.o
    0x00020f9c   0x00000034   Dbug   RW  2629     .debug_pubnames     ap_state_config.o
    0x00020fd0   0x00000034   Dbug   RW  2632     .debug_pubnames     ap_state_config.o
    0x00021004   0x00000034   Dbug   RW  2635     .debug_pubnames     ap_state_config.o
    0x00021038   0x00000038   Dbug   RW  2638     .debug_pubnames     ap_state_config.o
    0x00021070   0x00000038   Dbug   RW  2641     .debug_pubnames     ap_state_config.o
    0x000210a8   0x00000040   Dbug   RW  2644     .debug_pubnames     ap_state_config.o
    0x000210e8   0x00000040   Dbug   RW  2647     .debug_pubnames     ap_state_config.o
    0x00021128   0x00000038   Dbug   RW  2650     .debug_pubnames     ap_state_config.o
    0x00021160   0x00000038   Dbug   RW  2653     .debug_pubnames     ap_state_config.o
    0x00021198   0x00000030   Dbug   RW  2656     .debug_pubnames     ap_state_config.o
    0x000211c8   0x00000030   Dbug   RW  2659     .debug_pubnames     ap_state_config.o
    0x000211f8   0x00000030   Dbug   RW  2662     .debug_pubnames     ap_state_config.o
    0x00021228   0x00000030   Dbug   RW  2665     .debug_pubnames     ap_state_config.o
    0x00021258   0x00000030   Dbug   RW  2668     .debug_pubnames     ap_state_config.o
    0x00021288   0x00000030   Dbug   RW  2671     .debug_pubnames     ap_state_config.o
    0x000212b8   0x0000003c   Dbug   RW  2674     .debug_pubnames     ap_state_config.o
    0x000212f4   0x0000003c   Dbug   RW  2677     .debug_pubnames     ap_state_config.o
    0x00021330   0x00000040   Dbug   RW  2680     .debug_pubnames     ap_state_config.o
    0x00021370   0x00000040   Dbug   RW  2683     .debug_pubnames     ap_state_config.o
    0x000213b0   0x00000030   Dbug   RW  2686     .debug_pubnames     ap_state_config.o
    0x000213e0   0x0000002c   Dbug   RW  2689     .debug_pubnames     ap_state_config.o
    0x0002140c   0x00000038   Dbug   RW  2692     .debug_pubnames     ap_state_config.o
    0x00021444   0x00000020   Dbug   RW  2695     .debug_pubnames     ap_state_config.o
    0x00021464   0x0000002c   Dbug   RW  2698     .debug_pubnames     ap_state_config.o
    0x00021490   0x00000038   Dbug   RW  2701     .debug_pubnames     ap_state_config.o
    0x000214c8   0x00000038   Dbug   RW  2704     .debug_pubnames     ap_state_config.o
    0x00021500   0x00000038   Dbug   RW  2707     .debug_pubnames     ap_state_config.o
    0x00021538   0x00000038   Dbug   RW  2710     .debug_pubnames     ap_state_config.o
    0x00021570   0x00000030   Dbug   RW  2713     .debug_pubnames     ap_state_config.o
    0x000215a0   0x00000030   Dbug   RW  2716     .debug_pubnames     ap_state_config.o
    0x000215d0   0x00000034   Dbug   RW  2719     .debug_pubnames     ap_state_config.o
    0x00021604   0x00000034   Dbug   RW  2722     .debug_pubnames     ap_state_config.o
    0x00021638   0x00000040   Dbug   RW  2725     .debug_pubnames     ap_state_config.o
    0x00021678   0x00000040   Dbug   RW  2728     .debug_pubnames     ap_state_config.o
    0x000216b8   0x00000030   Dbug   RW  2731     .debug_pubnames     ap_state_config.o
    0x000216e8   0x00000034   Dbug   RW  2734     .debug_pubnames     ap_state_config.o
    0x0002171c   0x00000034   Dbug   RW  2737     .debug_pubnames     ap_state_config.o
    0x00021750   0x00000038   Dbug   RW  2740     .debug_pubnames     ap_state_config.o
    0x00021788   0x00000038   Dbug   RW  2743     .debug_pubnames     ap_state_config.o
    0x000217c0   0x00000030   Dbug   RW  2746     .debug_pubnames     ap_state_config.o
    0x000217f0   0x00000030   Dbug   RW  2749     .debug_pubnames     ap_state_config.o
    0x00021820   0x00000030   Dbug   RW  2752     .debug_pubnames     ap_state_config.o
    0x00021850   0x00000030   Dbug   RW  2755     .debug_pubnames     ap_state_config.o
    0x00021880   0x00000038   Dbug   RW  2758     .debug_pubnames     ap_state_config.o
    0x000218b8   0x00000038   Dbug   RW  2761     .debug_pubnames     ap_state_config.o
    0x000218f0   0x00000034   Dbug   RW  2764     .debug_pubnames     ap_state_config.o
    0x00021924   0x00000034   Dbug   RW  2767     .debug_pubnames     ap_state_config.o
    0x00021958   0x00000034   Dbug   RW  2770     .debug_pubnames     ap_state_config.o
    0x0002198c   0x00000034   Dbug   RW  2773     .debug_pubnames     ap_state_config.o
    0x000219c0   0x0000003c   Dbug   RW  2776     .debug_pubnames     ap_state_config.o
    0x000219fc   0x0000003c   Dbug   RW  2779     .debug_pubnames     ap_state_config.o
    0x00021a38   0x00000034   Dbug   RW  2782     .debug_pubnames     ap_state_config.o
    0x00021a6c   0x00000034   Dbug   RW  2785     .debug_pubnames     ap_state_config.o
    0x00021aa0   0x0000003c   Dbug   RW  2788     .debug_pubnames     ap_state_config.o
    0x00021adc   0x0000003c   Dbug   RW  2791     .debug_pubnames     ap_state_config.o
    0x00021b18   0x0000003c   Dbug   RW  2794     .debug_pubnames     ap_state_config.o
    0x00021b54   0x0000003c   Dbug   RW  2797     .debug_pubnames     ap_state_config.o
    0x00021b90   0x00000034   Dbug   RW  2800     .debug_pubnames     ap_state_config.o
    0x00021bc4   0x00000034   Dbug   RW  2803     .debug_pubnames     ap_state_config.o
    0x00021bf8   0x00000038   Dbug   RW  2806     .debug_pubnames     ap_state_config.o
    0x00021c30   0x00000038   Dbug   RW  2809     .debug_pubnames     ap_state_config.o
    0x00021c68   0x00000034   Dbug   RW  2812     .debug_pubnames     ap_state_config.o
    0x00021c9c   0x00000034   Dbug   RW  2815     .debug_pubnames     ap_state_config.o
    0x00021cd0   0x00000034   Dbug   RW  2818     .debug_pubnames     ap_state_config.o
    0x00021d04   0x00000034   Dbug   RW  2821     .debug_pubnames     ap_state_config.o
    0x00021d38   0x00000034   Dbug   RW  2824     .debug_pubnames     ap_state_config.o
    0x00021d6c   0x00000034   Dbug   RW  2827     .debug_pubnames     ap_state_config.o
    0x00021da0   0x00000034   Dbug   RW  2830     .debug_pubnames     ap_state_config.o
    0x00021dd4   0x00000034   Dbug   RW  2833     .debug_pubnames     ap_state_config.o
    0x00021e08   0x00000038   Dbug   RW  2836     .debug_pubnames     ap_state_config.o
    0x00021e40   0x00000038   Dbug   RW  2839     .debug_pubnames     ap_state_config.o
    0x00021e78   0x00000034   Dbug   RW  2842     .debug_pubnames     ap_state_config.o
    0x00021eac   0x00000038   Dbug   RW  2845     .debug_pubnames     ap_state_config.o
    0x00021ee4   0x0000002c   Dbug   RW  2848     .debug_pubnames     ap_state_config.o
    0x00021f10   0x0000002c   Dbug   RW  2851     .debug_pubnames     ap_state_config.o
    0x00021f3c   0x00000034   Dbug   RW  2854     .debug_pubnames     ap_state_config.o
    0x00021f70   0x00000034   Dbug   RW  2857     .debug_pubnames     ap_state_config.o
    0x00021fa4   0x00000038   Dbug   RW  2860     .debug_pubnames     ap_state_config.o
    0x00021fdc   0x00000038   Dbug   RW  2863     .debug_pubnames     ap_state_config.o
    0x00022014   0x00000034   Dbug   RW  2866     .debug_pubnames     ap_state_config.o
    0x00022048   0x00000034   Dbug   RW  2869     .debug_pubnames     ap_state_config.o
    0x0002207c   0x00000024   Dbug   RW  2872     .debug_pubnames     ap_state_config.o
    0x000220a0   0x00000054   Dbug   RW  2875     .debug_pubnames     ap_state_config.o
    0x000220f4   0x00000b80   Dbug   RW  2879     .debug_pubnames     ap_state_config.o
    0x00022c74   0x00000044   Dbug   RW  2900     .debug_pubnames     ap_state_resource.o
    0x00022cb8   0x00000044   Dbug   RW  2903     .debug_pubnames     ap_state_resource.o
    0x00022cfc   0x00000024   Dbug   RW  2906     .debug_pubnames     ap_state_resource.o
    0x00022d20   0x00000044   Dbug   RW  2909     .debug_pubnames     ap_state_resource.o
    0x00022d64   0x00000044   Dbug   RW  2912     .debug_pubnames     ap_state_resource.o
    0x00022da8   0x00000040   Dbug   RW  2915     .debug_pubnames     ap_state_resource.o
    0x00022de8   0x00000034   Dbug   RW  2918     .debug_pubnames     ap_state_resource.o
    0x00022e1c   0x0000003c   Dbug   RW  2921     .debug_pubnames     ap_state_resource.o
    0x00022e58   0x0000003c   Dbug   RW  2924     .debug_pubnames     ap_state_resource.o
    0x00022e94   0x0000003c   Dbug   RW  2927     .debug_pubnames     ap_state_resource.o
    0x00022ed0   0x00000228   Dbug   RW  2930     .debug_pubnames     ap_state_resource.o
    0x000230f8   0x00000278   Dbug   RW  2934     .debug_pubnames     ap_state_resource.o
    0x00023370   0x00000f1c   Dbug   RW  2950     .debug_pubnames     video_decoder_app.o
    0x0002428c   0x00000020   Dbug   RW  3013     .debug_pubnames     drv_l1_dac.o
    0x000242ac   0x00000020   Dbug   RW  3019     .debug_pubnames     drv_l1_dac.o
    0x000242cc   0x00000024   Dbug   RW  3036     .debug_pubnames     ap_state_firmware_upgrade.o
    0x000242f0   0x00000024   Dbug   RW  3039     .debug_pubnames     ap_state_firmware_upgrade.o
    0x00024314   0x00000020   Dbug   RW  3042     .debug_pubnames     ap_state_firmware_upgrade.o
    0x00024334   0x00000024   Dbug   RW  3045     .debug_pubnames     ap_state_firmware_upgrade.o
    0x00024358   0x00000028   Dbug   RW  3048     .debug_pubnames     ap_state_firmware_upgrade.o
    0x00024380   0x00000024   Dbug   RW  3051     .debug_pubnames     ap_state_firmware_upgrade.o
    0x000243a4   0x0000002c   Dbug   RW  3054     .debug_pubnames     ap_state_firmware_upgrade.o
    0x000243d0   0x00000028   Dbug   RW  3057     .debug_pubnames     ap_state_firmware_upgrade.o
    0x000243f8   0x0000008c   Dbug   RW  3061     .debug_pubnames     ap_state_firmware_upgrade.o
    0x00024484   0x00000090   Dbug   RW  3066     .debug_pubnames     ap_state_firmware_upgrade.o
    0x00024514   0x00000368   Dbug   RW  3068     .debug_pubnames     ap_state_firmware_upgrade.o
    0x0002487c   0x000000f8   Dbug   RW  3072     .debug_pubnames     ap_state_firmware_upgrade.o
    0x00024974   0x0000007c   Dbug   RW  3076     .debug_pubnames     ap_state_firmware_upgrade.o
    0x000249f0   0x00001304   Dbug   RW  3088     .debug_pubnames     ap_state_firmware_upgrade.o
    0x00025cf4   0x00000344   Dbug   RW  3094     .debug_pubnames     ap_state_firmware_upgrade.o
    0x00026038   0x000014d4   Dbug   RW  3096     .debug_pubnames     ap_state_firmware_upgrade.o
    0x0002750c   0x00000218   Dbug   RW  3098     .debug_pubnames     ap_state_firmware_upgrade.o
    0x00027724   0x0000006c   Dbug   RW  3103     .debug_pubnames     ap_state_firmware_upgrade.o
    0x00027790   0x000000dc   Dbug   RW  3107     .debug_pubnames     ap_state_firmware_upgrade.o
    0x0002786c   0x00000118   Dbug   RW  3126     .debug_pubnames     drv_l2_usbd_descriptor_tbl.o
    0x00027984   0x00000114   Dbug   RW  3141     .debug_pubnames     drv_l2_usbd_uvc_descriptor_tbl.o
    0x00027a98   0x00000024   Dbug   RW  3153     .debug_pubnames     ap_usb.o
    0x00027abc   0x00000030   Dbug   RW  3156     .debug_pubnames     ap_usb.o
    0x00027aec   0x00000030   Dbug   RW  3159     .debug_pubnames     ap_usb.o
    0x00027b1c   0x00000030   Dbug   RW  3162     .debug_pubnames     ap_usb.o
    0x00027b4c   0x0000002c   Dbug   RW  3165     .debug_pubnames     ap_usb.o
    0x00027b78   0x0000002c   Dbug   RW  3168     .debug_pubnames     ap_usb.o
    0x00027ba4   0x0000002c   Dbug   RW  3171     .debug_pubnames     ap_usb.o
    0x00027bd0   0x00000030   Dbug   RW  3174     .debug_pubnames     ap_usb.o
    0x00027c00   0x0000002c   Dbug   RW  3177     .debug_pubnames     ap_usb.o
    0x00027c2c   0x00000030   Dbug   RW  3180     .debug_pubnames     ap_usb.o
    0x00027c5c   0x00000030   Dbug   RW  3183     .debug_pubnames     ap_usb.o
    0x00027c8c   0x00000028   Dbug   RW  3186     .debug_pubnames     ap_usb.o
    0x00027cb4   0x00000028   Dbug   RW  3189     .debug_pubnames     ap_usb.o
    0x00027cdc   0x00000024   Dbug   RW  3192     .debug_pubnames     ap_usb.o
    0x00027d00   0x00000020   Dbug   RW  3195     .debug_pubnames     ap_usb.o
    0x00027d20   0x00000024   Dbug   RW  3198     .debug_pubnames     ap_usb.o
    0x00027d44   0x00000024   Dbug   RW  3201     .debug_pubnames     ap_usb.o
    0x00027d68   0x00000020   Dbug   RW  3204     .debug_pubnames     ap_usb.o
    0x00027d88   0x00000028   Dbug   RW  3207     .debug_pubnames     ap_usb.o
    0x00027db0   0x00000030   Dbug   RW  3210     .debug_pubnames     ap_usb.o
    0x00027de0   0x00000030   Dbug   RW  3213     .debug_pubnames     ap_usb.o
    0x00027e10   0x00000028   Dbug   RW  3216     .debug_pubnames     ap_usb.o
    0x00027e38   0x0000034c   Dbug   RW  3219     .debug_pubnames     ap_usb.o
    0x00028184   0x00000214   Dbug   RW  3223     .debug_pubnames     ap_usb.o
    0x00028398   0x00000084   Dbug   RW  3228     .debug_pubnames     ap_usb.o
    0x0002841c   0x00000344   Dbug   RW  3231     .debug_pubnames     ap_usb.o
    0x00028760   0x000014d4   Dbug   RW  3233     .debug_pubnames     ap_usb.o
    0x00029c34   0x00000218   Dbug   RW  3241     .debug_pubnames     ap_usb.o
    0x00029e4c   0x000001fc   Dbug   RW  3243     .debug_pubnames     ap_usb.o
    0x0002a048   0x00000020   Dbug   RW  3361     .debug_pubnames     my_video_codec_callback.o
    0x0002a068   0x0000002c   Dbug   RW  3364     .debug_pubnames     my_video_codec_callback.o
    0x0002a094   0x00000030   Dbug   RW  3367     .debug_pubnames     my_video_codec_callback.o
    0x0002a0c4   0x00000034   Dbug   RW  3370     .debug_pubnames     my_video_codec_callback.o
    0x0002a0f8   0x00000034   Dbug   RW  3373     .debug_pubnames     my_video_codec_callback.o
    0x0002a12c   0x00000030   Dbug   RW  3376     .debug_pubnames     my_video_codec_callback.o
    0x0002a15c   0x0000002c   Dbug   RW  3379     .debug_pubnames     my_video_codec_callback.o
    0x0002a188   0x00000030   Dbug   RW  3382     .debug_pubnames     my_video_codec_callback.o
    0x0002a1b8   0x0000002c   Dbug   RW  3385     .debug_pubnames     my_video_codec_callback.o
    0x0002a1e4   0x00000030   Dbug   RW  3388     .debug_pubnames     my_video_codec_callback.o
    0x0002a214   0x00000028   Dbug   RW  3391     .debug_pubnames     my_video_codec_callback.o
    0x0002a23c   0x00000030   Dbug   RW  3394     .debug_pubnames     my_video_codec_callback.o
    0x0002a26c   0x00000034   Dbug   RW  3397     .debug_pubnames     my_video_codec_callback.o
    0x0002a2a0   0x00000034   Dbug   RW  3400     .debug_pubnames     my_video_codec_callback.o
    0x0002a2d4   0x0000002c   Dbug   RW  3403     .debug_pubnames     my_video_codec_callback.o
    0x0002a300   0x000003dc   Dbug   RW  3406     .debug_pubnames     my_video_codec_callback.o
    0x0002a6dc   0x000002d0   Dbug   RW  3410     .debug_pubnames     my_video_codec_callback.o
    0x0002a9ac   0x000014d4   Dbug   RW  3414     .debug_pubnames     my_video_codec_callback.o
    0x0002be80   0x00000024   Dbug   RW  3429     .debug_pubnames     drv_l2_spifc.o
    0x0002bea4   0x0000002c   Dbug   RW  3432     .debug_pubnames     drv_l2_spifc.o
    0x0002bed0   0x0000002c   Dbug   RW  3435     .debug_pubnames     drv_l2_spifc.o
    0x0002befc   0x0000002c   Dbug   RW  3438     .debug_pubnames     drv_l2_spifc.o
    0x0002bf28   0x00000028   Dbug   RW  3441     .debug_pubnames     drv_l2_spifc.o
    0x0002bf50   0x00000024   Dbug   RW  3444     .debug_pubnames     drv_l2_spifc.o
    0x0002bf74   0x00000024   Dbug   RW  3447     .debug_pubnames     drv_l2_spifc.o
    0x0002bf98   0x00000024   Dbug   RW  3450     .debug_pubnames     drv_l2_spifc.o
    0x0002bfbc   0x00000024   Dbug   RW  3453     .debug_pubnames     drv_l2_spifc.o
    0x0002bfe0   0x0000002c   Dbug   RW  3456     .debug_pubnames     drv_l2_spifc.o
    0x0002c00c   0x00000024   Dbug   RW  3459     .debug_pubnames     drv_l2_spifc.o
    0x0002c030   0x00000028   Dbug   RW  3462     .debug_pubnames     drv_l2_spifc.o
    0x0002c058   0x00000100   Dbug   RW  3466     .debug_pubnames     drv_l2_spifc.o
    0x0002c158   0x00000024   Dbug   RW  3476     .debug_pubnames     drv_l1_spifc.o
    0x0002c17c   0x00000028   Dbug   RW  3479     .debug_pubnames     drv_l1_spifc.o
    0x0002c1a4   0x00000030   Dbug   RW  3482     .debug_pubnames     drv_l1_spifc.o
    0x0002c1d4   0x00000030   Dbug   RW  3485     .debug_pubnames     drv_l1_spifc.o
    0x0002c204   0x00000030   Dbug   RW  3488     .debug_pubnames     drv_l1_spifc.o
    0x0002c234   0x0000002c   Dbug   RW  3491     .debug_pubnames     drv_l1_spifc.o
    0x0002c260   0x00000030   Dbug   RW  3494     .debug_pubnames     drv_l1_spifc.o
    0x0002c290   0x0000002c   Dbug   RW  3497     .debug_pubnames     drv_l1_spifc.o
    0x0002c2bc   0x00000024   Dbug   RW  3500     .debug_pubnames     drv_l1_spifc.o
    0x0002c2e0   0x00000028   Dbug   RW  3503     .debug_pubnames     drv_l1_spifc.o
    0x0002c308   0x00000020   Dbug   RW  3506     .debug_pubnames     drv_l1_spifc.o
    0x0002c328   0x000000fc   Dbug   RW  3510     .debug_pubnames     drv_l1_spifc.o
    0x0002c424   0x00000024   Dbug   RW  3516     .debug_pubnames     spi_flash_mxic.o
    0x0002c448   0x00000020   Dbug   RW  3519     .debug_pubnames     spi_flash_mxic.o
    0x0002c468   0x00000028   Dbug   RW  3522     .debug_pubnames     spi_flash_mxic.o
    0x0002c490   0x00000028   Dbug   RW  3525     .debug_pubnames     spi_flash_mxic.o
    0x0002c4b8   0x0000002c   Dbug   RW  3528     .debug_pubnames     spi_flash_mxic.o
    0x0002c4e4   0x00000024   Dbug   RW  3531     .debug_pubnames     spi_flash_mxic.o
    0x0002c508   0x00000024   Dbug   RW  3534     .debug_pubnames     spi_flash_mxic.o
    0x0002c52c   0x0000002c   Dbug   RW  3537     .debug_pubnames     spi_flash_mxic.o
    0x0002c558   0x00000098   Dbug   RW  3543     .debug_pubnames     spi_flash_mxic.o
    0x0002c5f0   0x00000024   Dbug   RW  3556     .debug_pubnames     drv_l2_sensor.o
    0x0002c614   0x00000030   Dbug   RW  3559     .debug_pubnames     drv_l2_sensor.o
    0x0002c644   0x00000028   Dbug   RW  3562     .debug_pubnames     drv_l2_sensor.o
    0x0002c66c   0x00000028   Dbug   RW  3565     .debug_pubnames     drv_l2_sensor.o
    0x0002c694   0x00000024   Dbug   RW  3568     .debug_pubnames     drv_l2_sensor.o
    0x0002c6b8   0x00000094   Dbug   RW  3571     .debug_pubnames     drv_l2_sensor.o
    0x0002c74c   0x000000b4   Dbug   RW  3575     .debug_pubnames     drv_l2_sensor.o
    0x0002c800   0x00000030   Dbug   RW  3582     .debug_pubnames     drv_l1_cdsp.o
    0x0002c830   0x0000002c   Dbug   RW  3585     .debug_pubnames     drv_l1_cdsp.o
    0x0002c85c   0x00000028   Dbug   RW  3588     .debug_pubnames     drv_l1_cdsp.o
    0x0002c884   0x00000028   Dbug   RW  3591     .debug_pubnames     drv_l1_cdsp.o
    0x0002c8ac   0x00000028   Dbug   RW  3594     .debug_pubnames     drv_l1_cdsp.o
    0x0002c8d4   0x00000034   Dbug   RW  3597     .debug_pubnames     drv_l1_cdsp.o
    0x0002c908   0x00000034   Dbug   RW  3600     .debug_pubnames     drv_l1_cdsp.o
    0x0002c93c   0x0000002c   Dbug   RW  3603     .debug_pubnames     drv_l1_cdsp.o
    0x0002c968   0x0000002c   Dbug   RW  3606     .debug_pubnames     drv_l1_cdsp.o
    0x0002c994   0x0000002c   Dbug   RW  3609     .debug_pubnames     drv_l1_cdsp.o
    0x0002c9c0   0x00000034   Dbug   RW  3612     .debug_pubnames     drv_l1_cdsp.o
    0x0002c9f4   0x00000024   Dbug   RW  3615     .debug_pubnames     drv_l1_cdsp.o
    0x0002ca18   0x00000030   Dbug   RW  3618     .debug_pubnames     drv_l1_cdsp.o
    0x0002ca48   0x0000002c   Dbug   RW  3621     .debug_pubnames     drv_l1_cdsp.o
    0x0002ca74   0x00000028   Dbug   RW  3624     .debug_pubnames     drv_l1_cdsp.o
    0x0002ca9c   0x0000002c   Dbug   RW  3627     .debug_pubnames     drv_l1_cdsp.o
    0x0002cac8   0x00000028   Dbug   RW  3630     .debug_pubnames     drv_l1_cdsp.o
    0x0002caf0   0x0000002c   Dbug   RW  3633     .debug_pubnames     drv_l1_cdsp.o
    0x0002cb1c   0x00000030   Dbug   RW  3636     .debug_pubnames     drv_l1_cdsp.o
    0x0002cb4c   0x0000002c   Dbug   RW  3639     .debug_pubnames     drv_l1_cdsp.o
    0x0002cb78   0x00000028   Dbug   RW  3642     .debug_pubnames     drv_l1_cdsp.o
    0x0002cba0   0x00000030   Dbug   RW  3645     .debug_pubnames     drv_l1_cdsp.o
    0x0002cbd0   0x00000028   Dbug   RW  3648     .debug_pubnames     drv_l1_cdsp.o
    0x0002cbf8   0x00000028   Dbug   RW  3651     .debug_pubnames     drv_l1_cdsp.o
    0x0002cc20   0x0000002c   Dbug   RW  3654     .debug_pubnames     drv_l1_cdsp.o
    0x0002cc4c   0x0000002c   Dbug   RW  3657     .debug_pubnames     drv_l1_cdsp.o
    0x0002cc78   0x0000002c   Dbug   RW  3660     .debug_pubnames     drv_l1_cdsp.o
    0x0002cca4   0x0000002c   Dbug   RW  3663     .debug_pubnames     drv_l1_cdsp.o
    0x0002ccd0   0x0000002c   Dbug   RW  3666     .debug_pubnames     drv_l1_cdsp.o
    0x0002ccfc   0x0000002c   Dbug   RW  3669     .debug_pubnames     drv_l1_cdsp.o
    0x0002cd28   0x00000028   Dbug   RW  3672     .debug_pubnames     drv_l1_cdsp.o
    0x0002cd50   0x0000002c   Dbug   RW  3675     .debug_pubnames     drv_l1_cdsp.o
    0x0002cd7c   0x00000028   Dbug   RW  3678     .debug_pubnames     drv_l1_cdsp.o
    0x0002cda4   0x00000028   Dbug   RW  3681     .debug_pubnames     drv_l1_cdsp.o
    0x0002cdcc   0x0000002c   Dbug   RW  3684     .debug_pubnames     drv_l1_cdsp.o
    0x0002cdf8   0x00000030   Dbug   RW  3687     .debug_pubnames     drv_l1_cdsp.o
    0x0002ce28   0x00000030   Dbug   RW  3690     .debug_pubnames     drv_l1_cdsp.o
    0x0002ce58   0x00000028   Dbug   RW  3693     .debug_pubnames     drv_l1_cdsp.o
    0x0002ce80   0x0000002c   Dbug   RW  3696     .debug_pubnames     drv_l1_cdsp.o
    0x0002ceac   0x00000028   Dbug   RW  3699     .debug_pubnames     drv_l1_cdsp.o
    0x0002ced4   0x00000028   Dbug   RW  3702     .debug_pubnames     drv_l1_cdsp.o
    0x0002cefc   0x0000002c   Dbug   RW  3705     .debug_pubnames     drv_l1_cdsp.o
    0x0002cf28   0x0000002c   Dbug   RW  3708     .debug_pubnames     drv_l1_cdsp.o
    0x0002cf54   0x00000028   Dbug   RW  3711     .debug_pubnames     drv_l1_cdsp.o
    0x0002cf7c   0x00000028   Dbug   RW  3714     .debug_pubnames     drv_l1_cdsp.o
    0x0002cfa4   0x0000002c   Dbug   RW  3717     .debug_pubnames     drv_l1_cdsp.o
    0x0002cfd0   0x0000002c   Dbug   RW  3720     .debug_pubnames     drv_l1_cdsp.o
    0x0002cffc   0x00000024   Dbug   RW  3723     .debug_pubnames     drv_l1_cdsp.o
    0x0002d020   0x0000002c   Dbug   RW  3726     .debug_pubnames     drv_l1_cdsp.o
    0x0002d04c   0x0000002c   Dbug   RW  3729     .debug_pubnames     drv_l1_cdsp.o
    0x0002d078   0x00000028   Dbug   RW  3732     .debug_pubnames     drv_l1_cdsp.o
    0x0002d0a0   0x00000028   Dbug   RW  3735     .debug_pubnames     drv_l1_cdsp.o
    0x0002d0c8   0x00000020   Dbug   RW  3738     .debug_pubnames     drv_l1_cdsp.o
    0x0002d0e8   0x00000020   Dbug   RW  3741     .debug_pubnames     drv_l1_cdsp.o
    0x0002d108   0x00000020   Dbug   RW  3744     .debug_pubnames     drv_l1_cdsp.o
    0x0002d128   0x00000020   Dbug   RW  3747     .debug_pubnames     drv_l1_cdsp.o
    0x0002d148   0x00000034   Dbug   RW  3750     .debug_pubnames     drv_l1_cdsp.o
    0x0002d17c   0x00000024   Dbug   RW  3753     .debug_pubnames     drv_l1_cdsp.o
    0x0002d1a0   0x00000024   Dbug   RW  3756     .debug_pubnames     drv_l1_cdsp.o
    0x0002d1c4   0x00000024   Dbug   RW  3759     .debug_pubnames     drv_l1_cdsp.o
    0x0002d1e8   0x00000030   Dbug   RW  3762     .debug_pubnames     drv_l1_cdsp.o
    0x0002d218   0x0000002c   Dbug   RW  3765     .debug_pubnames     drv_l1_cdsp.o
    0x0002d244   0x0000002c   Dbug   RW  3768     .debug_pubnames     drv_l1_cdsp.o
    0x0002d270   0x0000002c   Dbug   RW  3771     .debug_pubnames     drv_l1_cdsp.o
    0x0002d29c   0x0000002c   Dbug   RW  3774     .debug_pubnames     drv_l1_cdsp.o
    0x0002d2c8   0x00000028   Dbug   RW  3777     .debug_pubnames     drv_l1_cdsp.o
    0x0002d2f0   0x00000028   Dbug   RW  3780     .debug_pubnames     drv_l1_cdsp.o
    0x0002d318   0x0000002c   Dbug   RW  3783     .debug_pubnames     drv_l1_cdsp.o
    0x0002d344   0x0000002c   Dbug   RW  3786     .debug_pubnames     drv_l1_cdsp.o
    0x0002d370   0x0000002c   Dbug   RW  3789     .debug_pubnames     drv_l1_cdsp.o
    0x0002d39c   0x0000002c   Dbug   RW  3792     .debug_pubnames     drv_l1_cdsp.o
    0x0002d3c8   0x0000002c   Dbug   RW  3795     .debug_pubnames     drv_l1_cdsp.o
    0x0002d3f4   0x00000028   Dbug   RW  3798     .debug_pubnames     drv_l1_cdsp.o
    0x0002d41c   0x0000002c   Dbug   RW  3801     .debug_pubnames     drv_l1_cdsp.o
    0x0002d448   0x00000030   Dbug   RW  3804     .debug_pubnames     drv_l1_cdsp.o
    0x0002d478   0x00000028   Dbug   RW  3807     .debug_pubnames     drv_l1_cdsp.o
    0x0002d4a0   0x0000002c   Dbug   RW  3810     .debug_pubnames     drv_l1_cdsp.o
    0x0002d4cc   0x0000002c   Dbug   RW  3813     .debug_pubnames     drv_l1_cdsp.o
    0x0002d4f8   0x0000002c   Dbug   RW  3816     .debug_pubnames     drv_l1_cdsp.o
    0x0002d524   0x0000002c   Dbug   RW  3819     .debug_pubnames     drv_l1_cdsp.o
    0x0002d550   0x00000028   Dbug   RW  3822     .debug_pubnames     drv_l1_cdsp.o
    0x0002d578   0x0000002c   Dbug   RW  3825     .debug_pubnames     drv_l1_cdsp.o
    0x0002d5a4   0x0000002c   Dbug   RW  3828     .debug_pubnames     drv_l1_cdsp.o
    0x0002d5d0   0x00000030   Dbug   RW  3831     .debug_pubnames     drv_l1_cdsp.o
    0x0002d600   0x00000030   Dbug   RW  3834     .debug_pubnames     drv_l1_cdsp.o
    0x0002d630   0x0000002c   Dbug   RW  3837     .debug_pubnames     drv_l1_cdsp.o
    0x0002d65c   0x00000030   Dbug   RW  3840     .debug_pubnames     drv_l1_cdsp.o
    0x0002d68c   0x0000002c   Dbug   RW  3843     .debug_pubnames     drv_l1_cdsp.o
    0x0002d6b8   0x0000002c   Dbug   RW  3846     .debug_pubnames     drv_l1_cdsp.o
    0x0002d6e4   0x00000030   Dbug   RW  3849     .debug_pubnames     drv_l1_cdsp.o
    0x0002d714   0x0000002c   Dbug   RW  3852     .debug_pubnames     drv_l1_cdsp.o
    0x0002d740   0x0000002c   Dbug   RW  3855     .debug_pubnames     drv_l1_cdsp.o
    0x0002d76c   0x0000002c   Dbug   RW  3858     .debug_pubnames     drv_l1_cdsp.o
    0x0002d798   0x00000030   Dbug   RW  3861     .debug_pubnames     drv_l1_cdsp.o
    0x0002d7c8   0x00000034   Dbug   RW  3864     .debug_pubnames     drv_l1_cdsp.o
    0x0002d7fc   0x00000030   Dbug   RW  3867     .debug_pubnames     drv_l1_cdsp.o
    0x0002d82c   0x0000002c   Dbug   RW  3870     .debug_pubnames     drv_l1_cdsp.o
    0x0002d858   0x00000030   Dbug   RW  3873     .debug_pubnames     drv_l1_cdsp.o
    0x0002d888   0x0000002c   Dbug   RW  3876     .debug_pubnames     drv_l1_cdsp.o
    0x0002d8b4   0x0000002c   Dbug   RW  3879     .debug_pubnames     drv_l1_cdsp.o
    0x0002d8e0   0x0000002c   Dbug   RW  3882     .debug_pubnames     drv_l1_cdsp.o
    0x0002d90c   0x00000030   Dbug   RW  3885     .debug_pubnames     drv_l1_cdsp.o
    0x0002d93c   0x0000002c   Dbug   RW  3888     .debug_pubnames     drv_l1_cdsp.o
    0x0002d968   0x00000028   Dbug   RW  3891     .debug_pubnames     drv_l1_cdsp.o
    0x0002d990   0x00000028   Dbug   RW  3894     .debug_pubnames     drv_l1_cdsp.o
    0x0002d9b8   0x00000028   Dbug   RW  3897     .debug_pubnames     drv_l1_cdsp.o
    0x0002d9e0   0x00000028   Dbug   RW  3900     .debug_pubnames     drv_l1_cdsp.o
    0x0002da08   0x0000002c   Dbug   RW  3903     .debug_pubnames     drv_l1_cdsp.o
    0x0002da34   0x00000034   Dbug   RW  3906     .debug_pubnames     drv_l1_cdsp.o
    0x0002da68   0x00000028   Dbug   RW  3909     .debug_pubnames     drv_l1_cdsp.o
    0x0002da90   0x0000002c   Dbug   RW  3912     .debug_pubnames     drv_l1_cdsp.o
    0x0002dabc   0x0000002c   Dbug   RW  3915     .debug_pubnames     drv_l1_cdsp.o
    0x0002dae8   0x00000030   Dbug   RW  3918     .debug_pubnames     drv_l1_cdsp.o
    0x0002db18   0x00000034   Dbug   RW  3921     .debug_pubnames     drv_l1_cdsp.o
    0x0002db4c   0x00000030   Dbug   RW  3924     .debug_pubnames     drv_l1_cdsp.o
    0x0002db7c   0x00000030   Dbug   RW  3927     .debug_pubnames     drv_l1_cdsp.o
    0x0002dbac   0x00000028   Dbug   RW  3930     .debug_pubnames     drv_l1_cdsp.o
    0x0002dbd4   0x0000002c   Dbug   RW  3933     .debug_pubnames     drv_l1_cdsp.o
    0x0002dc00   0x0000002c   Dbug   RW  3936     .debug_pubnames     drv_l1_cdsp.o
    0x0002dc2c   0x00000030   Dbug   RW  3939     .debug_pubnames     drv_l1_cdsp.o
    0x0002dc5c   0x00000030   Dbug   RW  3942     .debug_pubnames     drv_l1_cdsp.o
    0x0002dc8c   0x0000002c   Dbug   RW  3945     .debug_pubnames     drv_l1_cdsp.o
    0x0002dcb8   0x0000002c   Dbug   RW  3948     .debug_pubnames     drv_l1_cdsp.o
    0x0002dce4   0x0000002c   Dbug   RW  3951     .debug_pubnames     drv_l1_cdsp.o
    0x0002dd10   0x00000028   Dbug   RW  3954     .debug_pubnames     drv_l1_cdsp.o
    0x0002dd38   0x00000030   Dbug   RW  3957     .debug_pubnames     drv_l1_cdsp.o
    0x0002dd68   0x0000002c   Dbug   RW  3960     .debug_pubnames     drv_l1_cdsp.o
    0x0002dd94   0x0000002c   Dbug   RW  3963     .debug_pubnames     drv_l1_cdsp.o
    0x0002ddc0   0x0000002c   Dbug   RW  3966     .debug_pubnames     drv_l1_cdsp.o
    0x0002ddec   0x00000028   Dbug   RW  3969     .debug_pubnames     drv_l1_cdsp.o
    0x0002de14   0x00000028   Dbug   RW  3972     .debug_pubnames     drv_l1_cdsp.o
    0x0002de3c   0x00000028   Dbug   RW  3975     .debug_pubnames     drv_l1_cdsp.o
    0x0002de64   0x00000028   Dbug   RW  3978     .debug_pubnames     drv_l1_cdsp.o
    0x0002de8c   0x00000028   Dbug   RW  3981     .debug_pubnames     drv_l1_cdsp.o
    0x0002deb4   0x00000028   Dbug   RW  3984     .debug_pubnames     drv_l1_cdsp.o
    0x0002dedc   0x00000024   Dbug   RW  3987     .debug_pubnames     drv_l1_cdsp.o
    0x0002df00   0x00000028   Dbug   RW  3990     .debug_pubnames     drv_l1_cdsp.o
    0x0002df28   0x00000028   Dbug   RW  3993     .debug_pubnames     drv_l1_cdsp.o
    0x0002df50   0x0000002c   Dbug   RW  3996     .debug_pubnames     drv_l1_cdsp.o
    0x0002df7c   0x0000002c   Dbug   RW  3999     .debug_pubnames     drv_l1_cdsp.o
    0x0002dfa8   0x0000002c   Dbug   RW  4002     .debug_pubnames     drv_l1_cdsp.o
    0x0002dfd4   0x00000028   Dbug   RW  4005     .debug_pubnames     drv_l1_cdsp.o
    0x0002dffc   0x00000028   Dbug   RW  4008     .debug_pubnames     drv_l1_cdsp.o
    0x0002e024   0x00000028   Dbug   RW  4011     .debug_pubnames     drv_l1_cdsp.o
    0x0002e04c   0x00000030   Dbug   RW  4014     .debug_pubnames     drv_l1_cdsp.o
    0x0002e07c   0x0000002c   Dbug   RW  4017     .debug_pubnames     drv_l1_cdsp.o
    0x0002e0a8   0x0000002c   Dbug   RW  4020     .debug_pubnames     drv_l1_cdsp.o
    0x0002e0d4   0x00000028   Dbug   RW  4023     .debug_pubnames     drv_l1_cdsp.o
    0x0002e0fc   0x0000002c   Dbug   RW  4026     .debug_pubnames     drv_l1_cdsp.o
    0x0002e128   0x00000028   Dbug   RW  4029     .debug_pubnames     drv_l1_cdsp.o
    0x0002e150   0x00000028   Dbug   RW  4032     .debug_pubnames     drv_l1_cdsp.o
    0x0002e178   0x00000030   Dbug   RW  4035     .debug_pubnames     drv_l1_cdsp.o
    0x0002e1a8   0x0000002c   Dbug   RW  4038     .debug_pubnames     drv_l1_cdsp.o
    0x0002e1d4   0x00000028   Dbug   RW  4041     .debug_pubnames     drv_l1_cdsp.o
    0x0002e1fc   0x00000028   Dbug   RW  4044     .debug_pubnames     drv_l1_cdsp.o
    0x0002e224   0x0000002c   Dbug   RW  4047     .debug_pubnames     drv_l1_cdsp.o
    0x0002e250   0x0000002c   Dbug   RW  4050     .debug_pubnames     drv_l1_cdsp.o
    0x0002e27c   0x0000002c   Dbug   RW  4053     .debug_pubnames     drv_l1_cdsp.o
    0x0002e2a8   0x0000002c   Dbug   RW  4056     .debug_pubnames     drv_l1_cdsp.o
    0x0002e2d4   0x00000028   Dbug   RW  4059     .debug_pubnames     drv_l1_cdsp.o
    0x0002e2fc   0x0000002c   Dbug   RW  4062     .debug_pubnames     drv_l1_cdsp.o
    0x0002e328   0x0000002c   Dbug   RW  4065     .debug_pubnames     drv_l1_cdsp.o
    0x0002e354   0x00000030   Dbug   RW  4068     .debug_pubnames     drv_l1_cdsp.o
    0x0002e384   0x0000002c   Dbug   RW  4071     .debug_pubnames     drv_l1_cdsp.o
    0x0002e3b0   0x00000028   Dbug   RW  4074     .debug_pubnames     drv_l1_cdsp.o
    0x0002e3d8   0x00000024   Dbug   RW  4077     .debug_pubnames     drv_l1_cdsp.o
    0x0002e3fc   0x00000034   Dbug   RW  4080     .debug_pubnames     drv_l1_cdsp.o
    0x0002e430   0x0000002c   Dbug   RW  4083     .debug_pubnames     drv_l1_cdsp.o
    0x0002e45c   0x00000030   Dbug   RW  4086     .debug_pubnames     drv_l1_cdsp.o
    0x0002e48c   0x0000002c   Dbug   RW  4089     .debug_pubnames     drv_l1_cdsp.o
    0x0002e4b8   0x0000002c   Dbug   RW  4092     .debug_pubnames     drv_l1_cdsp.o
    0x0002e4e4   0x0000002c   Dbug   RW  4095     .debug_pubnames     drv_l1_cdsp.o
    0x0002e510   0x0000002c   Dbug   RW  4098     .debug_pubnames     drv_l1_cdsp.o
    0x0002e53c   0x0000002c   Dbug   RW  4101     .debug_pubnames     drv_l1_cdsp.o
    0x0002e568   0x0000002c   Dbug   RW  4104     .debug_pubnames     drv_l1_cdsp.o
    0x0002e594   0x0000002c   Dbug   RW  4107     .debug_pubnames     drv_l1_cdsp.o
    0x0002e5c0   0x0000002c   Dbug   RW  4110     .debug_pubnames     drv_l1_cdsp.o
    0x0002e5ec   0x00000030   Dbug   RW  4113     .debug_pubnames     drv_l1_cdsp.o
    0x0002e61c   0x00000030   Dbug   RW  4116     .debug_pubnames     drv_l1_cdsp.o
    0x0002e64c   0x00000038   Dbug   RW  4119     .debug_pubnames     drv_l1_cdsp.o
    0x0002e684   0x00000030   Dbug   RW  4122     .debug_pubnames     drv_l1_cdsp.o
    0x0002e6b4   0x0000002c   Dbug   RW  4125     .debug_pubnames     drv_l1_cdsp.o
    0x0002e6e0   0x0000002c   Dbug   RW  4128     .debug_pubnames     drv_l1_cdsp.o
    0x0002e70c   0x00000030   Dbug   RW  4131     .debug_pubnames     drv_l1_cdsp.o
    0x0002e73c   0x00000030   Dbug   RW  4134     .debug_pubnames     drv_l1_cdsp.o
    0x0002e76c   0x00000030   Dbug   RW  4137     .debug_pubnames     drv_l1_cdsp.o
    0x0002e79c   0x00000030   Dbug   RW  4140     .debug_pubnames     drv_l1_cdsp.o
    0x0002e7cc   0x0000002c   Dbug   RW  4143     .debug_pubnames     drv_l1_cdsp.o
    0x0002e7f8   0x00000030   Dbug   RW  4146     .debug_pubnames     drv_l1_cdsp.o
    0x0002e828   0x0000002c   Dbug   RW  4149     .debug_pubnames     drv_l1_cdsp.o
    0x0002e854   0x00000020   Dbug   RW  4152     .debug_pubnames     drv_l1_cdsp.o
    0x0002e874   0x00000028   Dbug   RW  4155     .debug_pubnames     drv_l1_cdsp.o
    0x0002e89c   0x00000028   Dbug   RW  4158     .debug_pubnames     drv_l1_cdsp.o
    0x0002e8c4   0x0000015c   Dbug   RW  4161     .debug_pubnames     drv_l1_cdsp.o
    0x0002ea20   0x000012fc   Dbug   RW  4165     .debug_pubnames     drv_l1_cdsp.o
    0x0002fd1c   0x00000024   Dbug   RW  4171     .debug_pubnames     drv_l1_front.o
    0x0002fd40   0x0000002c   Dbug   RW  4174     .debug_pubnames     drv_l1_front.o
    0x0002fd6c   0x0000002c   Dbug   RW  4177     .debug_pubnames     drv_l1_front.o
    0x0002fd98   0x0000002c   Dbug   RW  4180     .debug_pubnames     drv_l1_front.o
    0x0002fdc4   0x00000030   Dbug   RW  4183     .debug_pubnames     drv_l1_front.o
    0x0002fdf4   0x00000030   Dbug   RW  4186     .debug_pubnames     drv_l1_front.o
    0x0002fe24   0x00000030   Dbug   RW  4189     .debug_pubnames     drv_l1_front.o
    0x0002fe54   0x00000028   Dbug   RW  4192     .debug_pubnames     drv_l1_front.o
    0x0002fe7c   0x00000028   Dbug   RW  4195     .debug_pubnames     drv_l1_front.o
    0x0002fea4   0x0000002c   Dbug   RW  4198     .debug_pubnames     drv_l1_front.o
    0x0002fed0   0x00000028   Dbug   RW  4201     .debug_pubnames     drv_l1_front.o
    0x0002fef8   0x0000002c   Dbug   RW  4204     .debug_pubnames     drv_l1_front.o
    0x0002ff24   0x00000028   Dbug   RW  4207     .debug_pubnames     drv_l1_front.o
    0x0002ff4c   0x0000002c   Dbug   RW  4210     .debug_pubnames     drv_l1_front.o
    0x0002ff78   0x00000028   Dbug   RW  4213     .debug_pubnames     drv_l1_front.o
    0x0002ffa0   0x00000028   Dbug   RW  4216     .debug_pubnames     drv_l1_front.o
    0x0002ffc8   0x0000002c   Dbug   RW  4219     .debug_pubnames     drv_l1_front.o
    0x0002fff4   0x00000028   Dbug   RW  4222     .debug_pubnames     drv_l1_front.o
    0x0003001c   0x0000002c   Dbug   RW  4225     .debug_pubnames     drv_l1_front.o
    0x00030048   0x0000002c   Dbug   RW  4228     .debug_pubnames     drv_l1_front.o
    0x00030074   0x00000030   Dbug   RW  4231     .debug_pubnames     drv_l1_front.o
    0x000300a4   0x00000030   Dbug   RW  4234     .debug_pubnames     drv_l1_front.o
    0x000300d4   0x0000002c   Dbug   RW  4237     .debug_pubnames     drv_l1_front.o
    0x00030100   0x00000030   Dbug   RW  4240     .debug_pubnames     drv_l1_front.o
    0x00030130   0x00000030   Dbug   RW  4243     .debug_pubnames     drv_l1_front.o
    0x00030160   0x00000294   Dbug   RW  4249     .debug_pubnames     drv_l1_front.o
    0x000303f4   0x000001ac   Dbug   RW  4254     .debug_pubnames     drv_l1_front.o
    0x000305a0   0x00000028   Dbug   RW  4260     .debug_pubnames     drv_l2_cdsp.o
    0x000305c8   0x0000002c   Dbug   RW  4263     .debug_pubnames     drv_l2_cdsp.o
    0x000305f4   0x0000002c   Dbug   RW  4266     .debug_pubnames     drv_l2_cdsp.o
    0x00030620   0x00000028   Dbug   RW  4269     .debug_pubnames     drv_l2_cdsp.o
    0x00030648   0x00000028   Dbug   RW  4272     .debug_pubnames     drv_l2_cdsp.o
    0x00030670   0x00000028   Dbug   RW  4275     .debug_pubnames     drv_l2_cdsp.o
    0x00030698   0x0000002c   Dbug   RW  4278     .debug_pubnames     drv_l2_cdsp.o
    0x000306c4   0x0000002c   Dbug   RW  4281     .debug_pubnames     drv_l2_cdsp.o
    0x000306f0   0x0000002c   Dbug   RW  4284     .debug_pubnames     drv_l2_cdsp.o
    0x0003071c   0x00000028   Dbug   RW  4287     .debug_pubnames     drv_l2_cdsp.o
    0x00030744   0x0000002c   Dbug   RW  4290     .debug_pubnames     drv_l2_cdsp.o
    0x00030770   0x00000038   Dbug   RW  4293     .debug_pubnames     drv_l2_cdsp.o
    0x000307a8   0x00000024   Dbug   RW  4296     .debug_pubnames     drv_l2_cdsp.o
    0x000307cc   0x0000002c   Dbug   RW  4299     .debug_pubnames     drv_l2_cdsp.o
    0x000307f8   0x0000002c   Dbug   RW  4302     .debug_pubnames     drv_l2_cdsp.o
    0x00030824   0x0000002c   Dbug   RW  4305     .debug_pubnames     drv_l2_cdsp.o
    0x00030850   0x00000024   Dbug   RW  4308     .debug_pubnames     drv_l2_cdsp.o
    0x00030874   0x00000028   Dbug   RW  4311     .debug_pubnames     drv_l2_cdsp.o
    0x0003089c   0x0000002c   Dbug   RW  4314     .debug_pubnames     drv_l2_cdsp.o
    0x000308c8   0x00000028   Dbug   RW  4317     .debug_pubnames     drv_l2_cdsp.o
    0x000308f0   0x00000030   Dbug   RW  4320     .debug_pubnames     drv_l2_cdsp.o
    0x00030920   0x00000024   Dbug   RW  4323     .debug_pubnames     drv_l2_cdsp.o
    0x00030944   0x00000030   Dbug   RW  4326     .debug_pubnames     drv_l2_cdsp.o
    0x00030974   0x000001e4   Dbug   RW  4329     .debug_pubnames     drv_l2_cdsp.o
    0x00030b58   0x000004ac   Dbug   RW  4333     .debug_pubnames     drv_l2_cdsp.o
    0x00031004   0x00000070   Dbug   RW  4355     .debug_pubnames     sensor_isp_table.o
    0x00031074   0x00000020   Dbug   RW  4368     .debug_pubnames     drv_l1_gsensor.o
    0x00031094   0x00000020   Dbug   RW  4371     .debug_pubnames     drv_l1_gsensor.o
    0x000310b4   0x00000020   Dbug   RW  4374     .debug_pubnames     drv_l1_gsensor.o
    0x000310d4   0x00000024   Dbug   RW  4377     .debug_pubnames     drv_l1_gsensor.o
    0x000310f8   0x00000028   Dbug   RW  4380     .debug_pubnames     drv_l1_gsensor.o
    0x00031120   0x00000024   Dbug   RW  4383     .debug_pubnames     drv_l1_gsensor.o
    0x00031144   0x00000028   Dbug   RW  4386     .debug_pubnames     drv_l1_gsensor.o
    0x0003116c   0x00000024   Dbug   RW  4389     .debug_pubnames     drv_l1_gsensor.o
    0x00031190   0x00000024   Dbug   RW  4392     .debug_pubnames     drv_l1_gsensor.o
    0x000311b4   0x00000038   Dbug   RW  4395     .debug_pubnames     drv_l1_gsensor.o
    0x000311ec   0x00000038   Dbug   RW  4398     .debug_pubnames     drv_l1_gsensor.o
    0x00031224   0x00000030   Dbug   RW  4401     .debug_pubnames     drv_l1_gsensor.o
    0x00031254   0x00000030   Dbug   RW  4404     .debug_pubnames     drv_l1_gsensor.o
    0x00031284   0x00000030   Dbug   RW  4407     .debug_pubnames     drv_l1_gsensor.o
    0x000312b4   0x0000003c   Dbug   RW  4410     .debug_pubnames     drv_l1_gsensor.o
    0x000312f0   0x00000024   Dbug   RW  4413     .debug_pubnames     drv_l1_gsensor.o
    0x00031314   0x00000030   Dbug   RW  4416     .debug_pubnames     drv_l1_gsensor.o
    0x00031344   0x0000002c   Dbug   RW  4419     .debug_pubnames     drv_l1_gsensor.o
    0x00031370   0x0000002c   Dbug   RW  4422     .debug_pubnames     drv_l1_gsensor.o
    0x0003139c   0x00000038   Dbug   RW  4425     .debug_pubnames     drv_l1_gsensor.o
    0x000313d4   0x00000274   Dbug   RW  4429     .debug_pubnames     drv_l1_gsensor.o
    0x00031648   0x00000020   Dbug   RW  4446     .debug_pubnames     spi_flash_disk.o
    0x00031668   0x00000034   Dbug   RW  4449     .debug_pubnames     spi_flash_disk.o
    0x0003169c   0x0000007c   Dbug   RW  4456     .debug_pubnames     spi_flash_disk.o
    0x00031718   0x0000001c   Dbug   RW  4460     .debug_pubnames     spi_flash_disk.o
    0x00031734   0x0000001c   Dbug   RW  4464     .debug_pubnames     spi_flash_disk.o
    0x00031750   0x0000002c   Dbug   RW  4468     .debug_pubnames     spi_flash_disk.o
    0x0003177c   0x00000068   Dbug   RW  4476     .debug_pubnames     spi_flash_disk.o
    0x000317e4   0x0000009c   Dbug   RW  4480     .debug_pubnames     spi_flash_disk.o
    0x00031880   0x00000020   Dbug   RW  4484     .debug_pubnames     spi_flash_disk.o
    0x000318a0   0x00000030   Dbug   RW  4515     .debug_pubnames     drv_struct.o
    0x000318d0   0x00000030   Dbug   RW  4521     .debug_pubnames     fs_drv_manager.o
    0x00031900   0x00000034   Dbug   RW  4524     .debug_pubnames     fs_drv_manager.o
    0x00031934   0x00000034   Dbug   RW  4527     .debug_pubnames     fs_drv_manager.o
    0x00031968   0x00000030   Dbug   RW  4530     .debug_pubnames     fs_drv_manager.o
    0x00031998   0x00000030   Dbug   RW  4533     .debug_pubnames     fs_drv_manager.o
    0x000319c8   0x00000034   Dbug   RW  4536     .debug_pubnames     fs_drv_manager.o
    0x000319fc   0x00000048   Dbug   RW  4539     .debug_pubnames     fs_drv_manager.o
    0x00031a44   0x000000cc   Dbug   RW  4543     .debug_pubnames     fs_drv_manager.o
    0x00031b10   0x00000034   Dbug   RW  4551     .debug_pubnames     sd.o
    0x00031b44   0x0000002c   Dbug   RW  4554     .debug_pubnames     sd.o
    0x00031b70   0x0000002c   Dbug   RW  4557     .debug_pubnames     sd.o
    0x00031b9c   0x00000024   Dbug   RW  4560     .debug_pubnames     sd.o
    0x00031bc0   0x00000024   Dbug   RW  4563     .debug_pubnames     sd.o
    0x00031be4   0x00000024   Dbug   RW  4566     .debug_pubnames     sd.o
    0x00031c08   0x00000024   Dbug   RW  4569     .debug_pubnames     sd.o
    0x00031c2c   0x00000028   Dbug   RW  4572     .debug_pubnames     sd.o
    0x00031c54   0x00000020   Dbug   RW  4575     .debug_pubnames     sd.o
    0x00031c74   0x00000024   Dbug   RW  4578     .debug_pubnames     sd.o
    0x00031c98   0x00000028   Dbug   RW  4581     .debug_pubnames     sd.o
    0x00031cc0   0x00000024   Dbug   RW  4584     .debug_pubnames     sd.o
    0x00031ce4   0x000000d8   Dbug   RW  4587     .debug_pubnames     sd.o
    0x00031dbc   0x00000150   Dbug   RW  4591     .debug_pubnames     sd.o
    0x00031f0c   0x00000024   Dbug   RW  4617     .debug_pubnames     fs_os.o
    0x00031f30   0x00000024   Dbug   RW  4620     .debug_pubnames     fs_os.o
    0x00031f54   0x00000024   Dbug   RW  4623     .debug_pubnames     fs_os.o
    0x00031f78   0x00000024   Dbug   RW  4626     .debug_pubnames     fs_os.o
    0x00031f9c   0x0000002c   Dbug   RW  4629     .debug_pubnames     fs_os.o
    0x00031fc8   0x0000002c   Dbug   RW  4632     .debug_pubnames     fs_os.o
    0x00031ff4   0x00000024   Dbug   RW  4635     .debug_pubnames     fs_os.o
    0x00032018   0x00000024   Dbug   RW  4638     .debug_pubnames     fs_os.o
    0x0003203c   0x000000a8   Dbug   RW  4644     .debug_pubnames     fs_os.o
    0x000320e4   0x00000344   Dbug   RW  4648     .debug_pubnames     fs_os.o
    0x00032428   0x00000110   Dbug   RW  4669     .debug_pubnames     fsglobalvar.o
    0x00032538   0x00000344   Dbug   RW  4672     .debug_pubnames     fsglobalvar.o
    0x0003287c   0x00000020   Dbug   RW  4676     .debug_pubnames     swap_byte.o
    0x0003289c   0x00000020   Dbug   RW  4679     .debug_pubnames     swap_byte.o
    0x000328bc   0x00000020   Dbug   RW  4682     .debug_pubnames     swap_byte.o
    0x000328dc   0x00000020   Dbug   RW  4685     .debug_pubnames     swap_byte.o
    0x000328fc   0x00000028   Dbug   RW  4688     .debug_pubnames     swap_byte.o
    0x00032924   0x00000058   Dbug   RW  4694     .debug_pubnames     swap_byte.o
    0x0003297c   0x0000002c   Dbug   RW  4712     .debug_pubnames     sensor_gc1004.o
    0x000329a8   0x00000034   Dbug   RW  4715     .debug_pubnames     sensor_gc1004.o
    0x000329dc   0x00000030   Dbug   RW  4718     .debug_pubnames     sensor_gc1004.o
    0x00032a0c   0x00000030   Dbug   RW  4721     .debug_pubnames     sensor_gc1004.o
    0x00032a3c   0x00000034   Dbug   RW  4724     .debug_pubnames     sensor_gc1004.o
    0x00032a70   0x00000030   Dbug   RW  4727     .debug_pubnames     sensor_gc1004.o
    0x00032aa0   0x0000002c   Dbug   RW  4730     .debug_pubnames     sensor_gc1004.o
    0x00032acc   0x00000030   Dbug   RW  4733     .debug_pubnames     sensor_gc1004.o
    0x00032afc   0x00000030   Dbug   RW  4736     .debug_pubnames     sensor_gc1004.o
    0x00032b2c   0x00000030   Dbug   RW  4739     .debug_pubnames     sensor_gc1004.o
    0x00032b5c   0x00000024   Dbug   RW  4742     .debug_pubnames     sensor_gc1004.o
    0x00032b80   0x0000002c   Dbug   RW  4745     .debug_pubnames     sensor_gc1004.o
    0x00032bac   0x000000a8   Dbug   RW  4748     .debug_pubnames     sensor_gc1004.o
    0x00032c54   0x0000018c   Dbug   RW  4752     .debug_pubnames     sensor_gc1004.o
    0x00032de0   0x0000029c   Dbug   RW  4757     .debug_pubnames     sensor_gc1004.o
    0x0003307c   0x00000024   Dbug   RW  4763     .debug_pubnames     drv_l1_ext_mode.o
    0x000330a0   0x00000030   Dbug   RW  4766     .debug_pubnames     drv_l1_ext_mode.o
    0x000330d0   0x00000028   Dbug   RW  4769     .debug_pubnames     drv_l1_ext_mode.o
    0x000330f8   0x00000028   Dbug   RW  4772     .debug_pubnames     drv_l1_ext_mode.o
    0x00033120   0x00000028   Dbug   RW  4775     .debug_pubnames     drv_l1_ext_mode.o
    0x00033148   0x0000007c   Dbug   RW  4779     .debug_pubnames     drv_l1_ext_mode.o
    0x000331c4   0x00001314   Dbug   RW  4783     .debug_pubnames     drv_l1_ext_mode.o
    0x000344d8   0x00000030   Dbug   RW  4789     .debug_pubnames     drv_l2_sd.o
    0x00034508   0x00000030   Dbug   RW  4792     .debug_pubnames     drv_l2_sd.o
    0x00034538   0x00000030   Dbug   RW  4795     .debug_pubnames     drv_l2_sd.o
    0x00034568   0x00000030   Dbug   RW  4798     .debug_pubnames     drv_l2_sd.o
    0x00034598   0x00000030   Dbug   RW  4801     .debug_pubnames     drv_l2_sd.o
    0x000345c8   0x00000034   Dbug   RW  4804     .debug_pubnames     drv_l2_sd.o
    0x000345fc   0x00000034   Dbug   RW  4807     .debug_pubnames     drv_l2_sd.o
    0x00034630   0x00000034   Dbug   RW  4810     .debug_pubnames     drv_l2_sd.o
    0x00034664   0x00000038   Dbug   RW  4813     .debug_pubnames     drv_l2_sd.o
    0x0003469c   0x0000002c   Dbug   RW  4816     .debug_pubnames     drv_l2_sd.o
    0x000346c8   0x0000002c   Dbug   RW  4819     .debug_pubnames     drv_l2_sd.o
    0x000346f4   0x0000002c   Dbug   RW  4822     .debug_pubnames     drv_l2_sd.o
    0x00034720   0x0000002c   Dbug   RW  4825     .debug_pubnames     drv_l2_sd.o
    0x0003474c   0x0000002c   Dbug   RW  4828     .debug_pubnames     drv_l2_sd.o
    0x00034778   0x0000002c   Dbug   RW  4831     .debug_pubnames     drv_l2_sd.o
    0x000347a4   0x0000002c   Dbug   RW  4834     .debug_pubnames     drv_l2_sd.o
    0x000347d0   0x00000030   Dbug   RW  4837     .debug_pubnames     drv_l2_sd.o
    0x00034800   0x00000128   Dbug   RW  4840     .debug_pubnames     drv_l2_sd.o
    0x00034928   0x0000027c   Dbug   RW  4844     .debug_pubnames     drv_l2_sd.o
    0x00034ba4   0x00000028   Dbug   RW  4869     .debug_pubnames     video_codec_dynamic_jpeg_Q.o
    0x00034bcc   0x00000038   Dbug   RW  4877     .debug_pubnames     ap_jh_message.o
    0x00034c04   0x00000034   Dbug   RW  4880     .debug_pubnames     ap_jh_message.o
    0x00034c38   0x00000030   Dbug   RW  4883     .debug_pubnames     ap_jh_message.o
    0x00034c68   0x00000060   Dbug   RW  4886     .debug_pubnames     ap_jh_message.o
    0x00034cc8   0x00000044   Dbug   RW  4890     .debug_pubnames     ap_jh_message.o


================================================================================

Image component sizes


      Code    RO Data    RW Data    ZI Data      Debug   

    123012       9763       3249      41109    1253124   Object Totals
    154520       6307        809      27397      39436   Library Totals

================================================================================


      Code    RO Data    RW Data    ZI Data      Debug   

    277532      16070       4058      68506    1292560   Grand Totals

================================================================================

    Total RO  Size(Code + RO Data)               293602 ( 286.72kB)
    Total RW  Size(RW Data + ZI Data)             72564 (  70.86kB)
    Total ROM Size(Code + RO Data + RW Data)     297660 ( 290.68kB)

================================================================================

